<html>
<body>
<pre>
<h1>µVision Build Log</h1>
<h2>Project:</h2>
C:\Users\BienNguyen\Desktop\lv_v10\rosserial_mbed_hello_world_publisher_uvision5_arch_max\rosserial_mbed_hello_world_publisher\rosserial_mbed_hello_world_publisher.uvprojx
Project File Date:  10/11/2016

<h2>Output:</h2>
Build target 'rosserial_mbed_hello_world_publisher'
compiling main.cpp...
ros_lib_indigo\std_msgs/Time.h(55): warning:  #1300-D: getType inherits implicit virtual
      const char * getType(){ return "std_msgs/Time"; };
ros_lib_indigo\std_msgs/Time.h(56): warning:  #1300-D: getMD5 inherits implicit virtual
      const char * getMD5(){ return "cd7166c74c552c311fbcc2fe5a7bc289"; };
ros_lib_indigo\std_msgs/Time.h(61): warning:  #1-D: last line of file ends without a newline
  #endif
ros_lib_indigo\rosserial_msgs/TopicInfo.h(119): warning:  #1300-D: getType inherits implicit virtual
      const char * getType(){ return "rosserial_msgs/TopicInfo"; };
ros_lib_indigo\rosserial_msgs/TopicInfo.h(120): warning:  #1300-D: getMD5 inherits implicit virtual
      const char * getMD5(){ return "0ad51f88fc44892f8c10684077646005"; };
ros_lib_indigo\rosserial_msgs/TopicInfo.h(125): warning:  #1-D: last line of file ends without a newline
  #endif
ros_lib_indigo\rosserial_msgs/Log.h(59): warning:  #1300-D: getType inherits implicit virtual
      const char * getType(){ return "rosserial_msgs/Log"; };
ros_lib_indigo\rosserial_msgs/Log.h(60): warning:  #1300-D: getMD5 inherits implicit virtual
      const char * getMD5(){ return "11abd731c25933261cd6183bd12d6295"; };
ros_lib_indigo\rosserial_msgs/Log.h(65): warning:  #1-D: last line of file ends without a newline
  #endif
ros_lib_indigo\rosserial_msgs/RequestParam.h(49): warning:  #1300-D: getType inherits implicit virtual
      const char * getType(){ return REQUESTPARAM; };
ros_lib_indigo\rosserial_msgs/RequestParam.h(50): warning:  #1300-D: getMD5 inherits implicit virtual
      const char * getMD5(){ return "c1f3d28f1b044c871e6eff2e9fc3c667"; };
ros_lib_indigo\rosserial_msgs/RequestParam.h(184): warning:  #1300-D: getType inherits implicit virtual
      const char * getType(){ return REQUESTPARAM; };
ros_lib_indigo\rosserial_msgs/RequestParam.h(185): warning:  #1300-D: getMD5 inherits implicit virtual
      const char * getMD5(){ return "9f0e98bda65981986ddf53afa7a40e49"; };
ros_lib_indigo\std_msgs/Header.h(83): warning:  #1300-D: getType inherits implicit virtual
      const char * getType(){ return "std_msgs/Header"; };
ros_lib_indigo\std_msgs/Header.h(84): warning:  #1300-D: getMD5 inherits implicit virtual
      const char * getMD5(){ return "2176decaecbce78abc3b96ef049fabed"; };
ros_lib_indigo\std_msgs/Header.h(89): warning:  #1-D: last line of file ends without a newline
  #endif
ros_lib_indigo\geometry_msgs/Vector3.h(125): warning:  #1300-D: getType inherits implicit virtual
      const char * getType(){ return "geometry_msgs/Vector3"; };
ros_lib_indigo\geometry_msgs/Vector3.h(126): warning:  #1300-D: getMD5 inherits implicit virtual
      const char * getMD5(){ return "4a842b65f413084dc2b10fb484ea7f17"; };
ros_lib_indigo\geometry_msgs/Vector3.h(131): warning:  #1-D: last line of file ends without a newline
  #endif
ros_lib_indigo\geometry_msgs/Vector3Stamped.h(42): warning:  #1300-D: getType inherits implicit virtual
      const char * getType(){ return "geometry_msgs/Vector3Stamped"; };
ros_lib_indigo\geometry_msgs/Vector3Stamped.h(43): warning:  #1300-D: getMD5 inherits implicit virtual
      const char * getMD5(){ return "7b324c7325e683bf02a9b14b01090ec7"; };
ros_lib_indigo\geometry_msgs/Vector3Stamped.h(48): warning:  #1-D: last line of file ends without a newline
  #endif
ros_lib_indigo\geometry_msgs/Twist.h(41): warning:  #1300-D: getType inherits implicit virtual
      const char * getType(){ return "geometry_msgs/Twist"; };
ros_lib_indigo\geometry_msgs/Twist.h(42): warning:  #1300-D: getMD5 inherits implicit virtual
      const char * getMD5(){ return "9f195f881246fdfa2798d1d3eebca84a"; };
ros_lib_indigo\geometry_msgs/Twist.h(47): warning:  #1-D: last line of file ends without a newline
  #endif
ros_lib_indigo\std_msgs/String.h(48): warning:  #1300-D: getType inherits implicit virtual
      const char * getType(){ return "std_msgs/String"; };
ros_lib_indigo\std_msgs/String.h(49): warning:  #1300-D: getMD5 inherits implicit virtual
      const char * getMD5(){ return "992ce8a1687cec8c8bd883ec73ca41d1"; };
ros_lib_indigo\std_msgs/String.h(54): warning:  #1-D: last line of file ends without a newline
  #endif
main.cpp: 28 warnings, 0 errors
linking...
mbed/TARGET_ARCH_MAX/TOOLCHAIN_ARM_STD/STM32F407.sct(12): warning: L6312W: Empty Execution region description for region RW_IRAM1
Program Size: Code=32760 RO-data=2512 RW-data=704 ZI-data=3720  
Finished: 0 information, 1 warning and 0 error messages.
".\build\uvision5\rosserial_mbed_hello_world_publisher.axf" - 0 Error(s), 29 Warning(s).
Load "C:\\Users\\BienNguyen\\Desktop\\lv_v10\\rosserial_mbed_hello_world_publisher_uvision5_arch_max\\rosserial_mbed_hello_world_publisher\\build\\uvision5\\rosserial_mbed_hello_world_publisher.axf" 
Erase Done.
Programming Done.
Verify OK.
Application running ...
</pre>
</body>
</html>
