Product: MDK-ARM Standard 5.10
Component: ARM Compiler 5.04 update 1 (build 49)
Tool: armlink [5040049]

==============================================================================

Section Cross References

    bufferedserial.o(i._ZN14BufferedSerial4putcEi) refers to bufferedserial.o(i._ZN14BufferedSerial5primeEv) for BufferedSerial::prime()
    bufferedserial.o(i._ZN14BufferedSerial4putsEPKc) refers to bufferedserial.o(i._ZN14BufferedSerial5primeEv) for BufferedSerial::prime()
    bufferedserial.o(i._ZN14BufferedSerial5primeEv) refers to serial_api.o(i.serial_writable) for serial_writable
    bufferedserial.o(i._ZN14BufferedSerial5primeEv) refers to SerialBase.o(i._ZN4mbed10SerialBase6attachEPFvvENS0_7IrqTypeE) for mbed::SerialBase::attach(void(*)(), mbed::SerialBase::IrqType)
    bufferedserial.o(i._ZN14BufferedSerial5primeEv) refers to serial_api.o(i.serial_putc) for serial_putc
    bufferedserial.o(i._ZN14BufferedSerial5primeEv) refers to serial_api.o(i.serial_irq_set) for serial_irq_set
    bufferedserial.o(i._ZN14BufferedSerial5primeEv) refers to bufferedserial.o(.constdata) for .constdata
    bufferedserial.o(i._ZN14BufferedSerial5primeEv) refers to bufferedserial.o(t._ZN4mbed19FunctionPointerArg1IvvE12membercallerI14BufferedSerialEEvPvPj) for mbed::FunctionPointerArg1<void, void>::membercaller<BufferedSerial>(void*, unsigned*)
    bufferedserial.o(i._ZN14BufferedSerial5rxIrqEv) refers to serial_api.o(i.serial_readable) for serial_readable
    bufferedserial.o(i._ZN14BufferedSerial5rxIrqEv) refers to serial_api.o(i.serial_getc) for serial_getc
    bufferedserial.o(i._ZN14BufferedSerial5txIrqEv) refers to serial_api.o(i.serial_writable) for serial_writable
    bufferedserial.o(i._ZN14BufferedSerial5txIrqEv) refers to serial_api.o(i.serial_putc) for serial_putc
    bufferedserial.o(i._ZN14BufferedSerial5txIrqEv) refers to SerialBase.o(i._ZN4mbed10SerialBase6attachEPFvvENS0_7IrqTypeE) for mbed::SerialBase::attach(void(*)(), mbed::SerialBase::IrqType)
    bufferedserial.o(i._ZN14BufferedSerial5writeEPKvj) refers to bufferedserial.o(i._ZN14BufferedSerial5primeEv) for BufferedSerial::prime()
    bufferedserial.o(i._ZN14BufferedSerial6printfEPKcz) refers to h1_alloc.o(.text) for malloc
    bufferedserial.o(i._ZN14BufferedSerial6printfEPKcz) refers to rt_memclr.o(.text) for __aeabi_memclr
    bufferedserial.o(i._ZN14BufferedSerial6printfEPKcz) refers to c89vsprintf.o(.text) for __c89vsprintf
    bufferedserial.o(i._ZN14BufferedSerial6printfEPKcz) refers to error.o(i.error) for error
    bufferedserial.o(i._ZN14BufferedSerial6printfEPKcz) refers to h1_free.o(.text) for free
    bufferedserial.o(i._ZN14BufferedSerial6printfEPKcz) refers to bufferedserial.o(i._ZN14BufferedSerial5primeEv) for BufferedSerial::prime()
    bufferedserial.o(i._ZN14BufferedSerialC1E7PinNameS0_jjPKc) refers to RawSerial.o(i._ZN4mbed9RawSerialC1E7PinNameS1_) for mbed::RawSerial::RawSerial(PinName, PinName)
    bufferedserial.o(i._ZN14BufferedSerialC1E7PinNameS0_jjPKc) refers to mybuffer.o(t._ZN8MyBufferIcEC1Ej) for MyBuffer<char>::MyBuffer(unsigned)
    bufferedserial.o(i._ZN14BufferedSerialC1E7PinNameS0_jjPKc) refers to serial_api.o(i.serial_irq_set) for serial_irq_set
    bufferedserial.o(i._ZN14BufferedSerialC1E7PinNameS0_jjPKc) refers to bufferedserial.o(.constdata__ZTV14BufferedSerial) for vtable for BufferedSerial
    bufferedserial.o(i._ZN14BufferedSerialC1E7PinNameS0_jjPKc) refers to bufferedserial.o(.constdata) for .constdata
    bufferedserial.o(i._ZN14BufferedSerialC1E7PinNameS0_jjPKc) refers to bufferedserial.o(t._ZN4mbed19FunctionPointerArg1IvvE12membercallerI14BufferedSerialEEvPvPj) for mbed::FunctionPointerArg1<void, void>::membercaller<BufferedSerial>(void*, unsigned*)
    bufferedserial.o(i._ZN14BufferedSerialD0Ev) refers to SerialBase.o(i._ZN4mbed10SerialBase6attachEPFvvENS0_7IrqTypeE) for mbed::SerialBase::attach(void(*)(), mbed::SerialBase::IrqType)
    bufferedserial.o(i._ZN14BufferedSerialD0Ev) refers to mybuffer.o(t._ZN8MyBufferIcED1Ev) for MyBuffer<char>::~MyBuffer()
    bufferedserial.o(i._ZN14BufferedSerialD0Ev) refers to delete.o(i._ZdlPv) for operator delete (void*)
    bufferedserial.o(i._ZN14BufferedSerialD0Ev) refers to bufferedserial.o(.constdata__ZTV14BufferedSerial) for vtable for BufferedSerial
    bufferedserial.o(i._ZN14BufferedSerialD1Ev) refers to SerialBase.o(i._ZN4mbed10SerialBase6attachEPFvvENS0_7IrqTypeE) for mbed::SerialBase::attach(void(*)(), mbed::SerialBase::IrqType)
    bufferedserial.o(i._ZN14BufferedSerialD1Ev) refers to mybuffer.o(t._ZN8MyBufferIcED1Ev) for MyBuffer<char>::~MyBuffer()
    bufferedserial.o(i._ZN14BufferedSerialD1Ev) refers to bufferedserial.o(.constdata__ZTV14BufferedSerial) for vtable for BufferedSerial
    bufferedserial.o(.ARM.exidx) refers to bufferedserial.o(i._ZN14BufferedSerial5rxIrqEv) for i._ZN14BufferedSerial5rxIrqEv
    bufferedserial.o(.ARM.exidx) refers to bufferedserial.o(i._ZN14BufferedSerial5txIrqEv) for i._ZN14BufferedSerial5txIrqEv
[...]
    rosserial_msgs::Log::getMD5()            0x08004b89   Thumb Code     4  main.o(i._ZN14rosserial_msgs3Log6getMD5Ev)
    rosserial_msgs::Log::getType()           0x08004b91   Thumb Code     4  main.o(i._ZN14rosserial_msgs3Log7getTypeEv)
    rosserial_msgs::TopicInfo::getMD5()      0x08004b99   Thumb Code     4  main.o(i._ZN14rosserial_msgs9TopicInfo6getMD5Ev)
    rosserial_msgs::TopicInfo::getType()     0x08004ba1   Thumb Code     4  main.o(i._ZN14rosserial_msgs9TopicInfo7getTypeEv)
    ros::NodeHandle_<MbedHardware, (int)25, (int)25, (int)512, (int)512>::~NodeHandle_() 0x08004ba9   Thumb Code    16  main.o(i._ZN3ros11NodeHandle_I12MbedHardwareLi25ELi25ELi512ELi512EED1Ev)
    ros::NodeHandle_<MbedHardware, (int)25, (int)25, (int)512, (int)512>::~NodeHandle___sub_object() 0x08004ba9   Thumb Code     0  main.o(i._ZN3ros11NodeHandle_I12MbedHardwareLi25ELi25ELi512ELi512EED1Ev)
    ros::normalizeSecNSec(unsigned&, unsigned&) 0x08004bbd   Thumb Code    26  time.o(i._ZN3ros16normalizeSecNSecERjS0_)
    mbed::SerialBase::_irq_handler(unsigned, SerialIrq) 0x08004bdd   Thumb Code    42  SerialBase.o(i._ZN4mbed10SerialBase12_irq_handlerEj9SerialIrq)
    mbed::SerialBase::baud(int)              0x08004c07   Thumb Code    16  SerialBase.o(i._ZN4mbed10SerialBase4baudEi)
    mbed::SerialBase::attach(void(*)(), mbed::SerialBase::IrqType) 0x08004c17   Thumb Code    38  SerialBase.o(i._ZN4mbed10SerialBase6attachEPFvvENS0_7IrqTypeE)
    mbed::SerialBase::SerialBase(PinName, PinName) 0x08004c3d   Thumb Code    86  SerialBase.o(i._ZN4mbed10SerialBaseC1E7PinNameS1_)
    mbed::SerialBase::SerialBase__sub_object(PinName, PinName) 0x08004c3d   Thumb Code     0  SerialBase.o(i._ZN4mbed10SerialBaseC1E7PinNameS1_)
    mbed::InterruptIn::_irq_handler(unsigned, gpio_irq_event) 0x08004ca1   Thumb Code    66  InterruptIn.o(i._ZN4mbed11InterruptIn12_irq_handlerEj14gpio_irq_event)
    mbed::InterruptIn::fall(void(*)())       0x08004ce3   Thumb Code    34  InterruptIn.o(i._ZN4mbed11InterruptIn4fallEPFvvE)
    mbed::InterruptIn::mode(PinMode)         0x08004d05   Thumb Code     6  InterruptIn.o(i._ZN4mbed11InterruptIn4modeE7PinMode)
    mbed::InterruptIn::read()                0x08004d0d   Thumb Code    38  InterruptIn.o(i._ZN4mbed11InterruptIn4readEv)
    mbed::InterruptIn::rise(void(*)())       0x08004d51   Thumb Code    34  InterruptIn.o(i._ZN4mbed11InterruptIn4riseEPFvvE)
    mbed::InterruptIn::InterruptIn(PinName)  0x08004d75   Thumb Code    60  InterruptIn.o(i._ZN4mbed11InterruptInC1E7PinName)
    mbed::InterruptIn::InterruptIn__sub_object(PinName) 0x08004d75   Thumb Code     0  InterruptIn.o(i._ZN4mbed11InterruptInC1E7PinName)
    mbed::InterruptIn::~InterruptIn()        0x08004db9   Thumb Code    20  InterruptIn.o(i._ZN4mbed11InterruptInD1Ev)
    mbed::InterruptIn::~InterruptIn__sub_object() 0x08004db9   Thumb Code     0  InterruptIn.o(i._ZN4mbed11InterruptInD1Ev)
    mbed::InterruptIn::operator int()        0x08004dd1   Thumb Code    38  InterruptIn.o(i._ZN4mbed11InterruptIncviEv)
    mbed::Timer::start()                     0x08004e01   Thumb Code    26  Timer.o(i._ZN4mbed5Timer5startEv)
    mbed::Timer::read_ms()                   0x08004e1b   Thumb Code    32  Timer.o(i._ZN4mbed5Timer7read_msEv)
    mbed::Timer::Timer()                     0x08004e3b   Thumb Code    30  Timer.o(i._ZN4mbed5TimerC1Ev)
    mbed::Timer::Timer__sub_object()         0x08004e3b   Thumb Code     0  Timer.o(i._ZN4mbed5TimerC1Ev)
    mbed::FileBase::getPathType()            0x08004e59   Thumb Code     4  FileBase.o(i._ZN4mbed8FileBase11getPathTypeEv)
    mbed::FileBase::lookup(const char*, unsigned) 0x08004e5d   Thumb Code    50  FileBase.o(i._ZN4mbed8FileBase6lookupEPKcj)
    mbed::FilePath::fileSystem()             0x08004e95   Thumb Code    24  FilePath.o(i._ZN4mbed8FilePath10fileSystemEv)
    mbed::FilePath::file()                   0x08004ead   Thumb Code    28  FilePath.o(i._ZN4mbed8FilePath4fileEv)
    mbed::FilePath::exists()                 0x08004ec9   Thumb Code    10  FilePath.o(i._ZN4mbed8FilePath6existsEv)
    mbed::FilePath::isFile()                 0x08004ed3   Thumb Code    24  FilePath.o(i._ZN4mbed8FilePath6isFileEv)
    mbed::FilePath::fileName()               0x08004eeb   Thumb Code     4  FilePath.o(i._ZN4mbed8FilePath8fileNameEv)
    mbed::FilePath::FilePath(const char*)    0x08004eef   Thumb Code    64  FilePath.o(i._ZN4mbed8FilePathC1EPKc)
    mbed::FilePath::FilePath__sub_object(const char*) 0x08004eef   Thumb Code     0  FilePath.o(i._ZN4mbed8FilePathC1EPKc)
    mbed::RawSerial::RawSerial(PinName, PinName) 0x08004f31   Thumb Code    12  RawSerial.o(i._ZN4mbed9RawSerialC1E7PinNameS1_)
    mbed::RawSerial::RawSerial__sub_object(PinName, PinName) 0x08004f31   Thumb Code     0  RawSerial.o(i._ZN4mbed9RawSerialC1E7PinNameS1_)
    std_msgs::Time::getMD5()                 0x08004f41   Thumb Code     4  main.o(i._ZN8std_msgs4Time6getMD5Ev)
    std_msgs::Time::getType()                0x08004f49   Thumb Code     4  main.o(i._ZN8std_msgs4Time7getTypeEv)
    std_msgs::Header::getMD5()               0x08004f51   Thumb Code     4  main.o(i._ZN8std_msgs6Header6getMD5Ev)
    std_msgs::Header::getType()              0x08004f59   Thumb Code     4  main.o(i._ZN8std_msgs6Header7getTypeEv)
    geometry_msgs::Vector3Stamped::serialize(unsigned char*) const 0x08004f61   Thumb Code   110  main.o(i._ZNK13geometry_msgs14Vector3Stamped9serializeEPh)
    geometry_msgs::Twist::serialize(unsigned char*) const 0x08004fcf   Thumb Code    28  main.o(i._ZNK13geometry_msgs5Twist9serializeEPh)
    geometry_msgs::Vector3::serialize(unsigned char*) const 0x08004feb   Thumb Code   228  main.o(i._ZNK13geometry_msgs7Vector39serializeEPh)
    rosserial_msgs::RequestParamResponse::serialize(unsigned char*) const 0x080050cf   Thumb Code   218  main.o(i._ZNK14rosserial_msgs20RequestParamResponse9serializeEPh)
    rosserial_msgs::Log::serialize(unsigned char*) const 0x080051a9   Thumb Code    36  main.o(i._ZNK14rosserial_msgs3Log9serializeEPh)
    rosserial_msgs::TopicInfo::serialize(unsigned char*) const 0x080051cd   Thumb Code   118  main.o(i._ZNK14rosserial_msgs9TopicInfo9serializeEPh)
    std_msgs::Time::serialize(unsigned char*) const 0x08005243   Thumb Code    50  main.o(i._ZNK8std_msgs4Time9serializeEPh)
    std_msgs::Header::serialize(unsigned char*) const 0x08005275   Thumb Code   100  main.o(i._ZNK8std_msgs6Header9serializeEPh)
    operator delete[] (void*)                0x080052d9   Thumb Code     8  array_del.o(i._ZdaPv)
    operator delete (void*)                  0x080052e1   Thumb Code     8  delete.o(i._ZdlPv)
    operator new[] (unsigned)                0x080052e9   Thumb Code     8  array_new.o(i._Znaj)
    operator new(unsigned)                   0x080052f1   Thumb Code    34  new.o(i._Znwj)
    __ARM_fpclassify                         0x08005319   Thumb Code    48  fpclassify.o(i.__ARM_fpclassify)
    __aeabi_atexit                           0x08005349   Thumb Code    50  aeabi_atexit.o(i.__aeabi_atexit)
    __aeabi_vec_ctor_nocookie_nodtor         0x0800537b   Thumb Code    36  aeabi_vec_ctor_nocookie_nodtor.o(i.__aeabi_vec_ctor_nocookie_nodtor)
    __cxa_finalize                           0x0800539f   Thumb Code    66  cxa_finalize.o(i.__cxa_finalize)
    __hardfp_fabs                            0x080053e1   Thumb Code    20  fabs.o(i.__hardfp_fabs)
    __user_setup_stackheap                   0x08005649   Thumb Code    10  sys.o(i.__user_setup_stackheap)
    _is_digit                                0x08005659   Thumb Code    14  __printf_wp.o(i._is_digit)
    _sys_close                               0x08005669   Thumb Code    40  retarget.o(i._sys_close)
    _sys_flen                                0x08005695   Thumb Code    34  retarget.o(i._sys_flen)
    _sys_istty                               0x080056bd   Thumb Code    34  retarget.o(i._sys_istty)
    _sys_open                                0x080056e5   Thumb Code   280  retarget.o(i._sys_open)
    _sys_seek                                0x08005819   Thumb Code    36  retarget.o(i._sys_seek)
    _sys_write                               0x08005841   Thumb Code    82  retarget.o(i._sys_write)
    error                                    0x080058a1   Thumb Code    20  error.o(i.error)
    exit                                     0x080058b9   Thumb Code    24  retarget.o(i.exit)
    fputc                                    0x080058d9   Thumb Code    26  fputc.o(i.fputc)
    get_us_ticker_data                       0x080058f5   Thumb Code     4  us_ticker_api.o(i.get_us_ticker_data)
    gpio_dir                                 0x080058fd   Thumb Code    54  gpio_api.o(i.gpio_dir)
    gpio_init                                0x08005951   Thumb Code    58  gpio_api.o(i.gpio_init)
    gpio_init_in                             0x0800598b   Thumb Code    40  gpio.o(i.gpio_init_in)
    gpio_init_out                            0x080059b5   Thumb Code    68  gpio.o(i.gpio_init_out)
    gpio_init_out_ex                         0x08005a01   Thumb Code    80  gpio.o(i.gpio_init_out_ex)
    gpio_irq_free                            0x08005aa5   Thumb Code    68  gpio_irq_api.o(i.gpio_irq_free)
    gpio_irq_init                            0x08005af1   Thumb Code   242  gpio_irq_api.o(i.gpio_irq_init)
    gpio_irq_set                             0x08005c35   Thumb Code   114  gpio_irq_api.o(i.gpio_irq_set)
    gpio_mode                                0x08005ca7   Thumb Code     8  gpio_api.o(i.gpio_mode)
    $Super$$main                             0x08005d31   Thumb Code  1400  main.o(i.main)
    mbed_assert_internal                     0x080062c9   Thumb Code    12  assert.o(i.mbed_assert_internal)
    mbed_die                                 0x08006309   Thumb Code    16  board.o(i.mbed_die)
    mbed_main                                0x08006319   Thumb Code     2  retarget.o(i.mbed_main)
    mbed_sdk_init                            0x0800631b   Thumb Code    14  mbed_overrides.o(i.mbed_sdk_init)
    pin_function                             0x08006329   Thumb Code    80  pinmap.o(i.pin_function)
    pin_mode                                 0x08006395   Thumb Code    64  pinmap.o(i.pin_mode)
    pinmap_function                          0x080063ed   Thumb Code    62  pinmap_common.o(i.pinmap_function)
    pinmap_merge                             0x0800644d   Thumb Code    38  pinmap_common.o(i.pinmap_merge)
    pinmap_peripheral                        0x08006489   Thumb Code    62  pinmap_common.o(i.pinmap_peripheral)
    pinmap_pinout                            0x080064e9   Thumb Code    72  pinmap_common.o(i.pinmap_pinout)
    pwmout_init                              0x08006545   Thumb Code   436  pwmout_api.o(i.pwmout_init)
    pwmout_period_ms                         0x0800673d   Thumb Code    10  pwmout_api.o(i.pwmout_period_ms)
    pwmout_period_us                         0x08006749   Thumb Code   300  pwmout_api.o(i.pwmout_period_us)
    pwmout_pulsewidth                        0x080068a1   Thumb Code    32  pwmout_api.o(i.pwmout_pulsewidth)
    pwmout_write                             0x080068c5   Thumb Code   164  pwmout_api.o(i.pwmout_write)
    serial_baud                              0x08006989   Thumb Code    36  serial_api.o(i.serial_baud)
    serial_getc                              0x080069c9   Thumb Code    28  serial_api.o(i.serial_getc)
    serial_init                              0x080069e9   Thumb Code   444  serial_api.o(i.serial_init)
    serial_irq_handler                       0x08006bfd   Thumb Code    14  serial_api.o(i.serial_irq_handler)
    serial_irq_set                           0x08006c15   Thumb Code   218  serial_api.o(i.serial_irq_set)
    serial_putc                              0x08006d0d   Thumb Code    30  serial_api.o(i.serial_putc)
    serial_readable                          0x08006d31   Thumb Code    18  serial_api.o(i.serial_readable)
    serial_writable                          0x08006d49   Thumb Code    18  serial_api.o(i.serial_writable)
    ticker_irq_handler                       0x08006d61   Thumb Code    78  ticker_api.o(i.ticker_irq_handler)
    ticker_read                              0x08006daf   Thumb Code     6  ticker_api.o(i.ticker_read)
    timer_irq_handler                        0x08006db5   Thumb Code    76  hal_tick.o(i.timer_irq_handler)
    us_ticker_clear_interrupt                0x08006e99   Thumb Code    12  us_ticker.o(i.us_ticker_clear_interrupt)
    us_ticker_disable_interrupt              0x08006ea9   Thumb Code    14  us_ticker.o(i.us_ticker_disable_interrupt)
    us_ticker_init                           0x08006ebd   Thumb Code    26  us_ticker.o(i.us_ticker_init)
    us_ticker_irq_handler                    0x08006ee5   Thumb Code     6  us_ticker_api.o(i.us_ticker_irq_handler)
    us_ticker_read                           0x08006ef1   Thumb Code    30  us_ticker.o(i.us_ticker_read)
    us_ticker_set_interrupt                  0x08006f21   Thumb Code    16  us_ticker.o(i.us_ticker_set_interrupt)
    wait_ms                                  0x08006f35   Thumb Code    28  wait_api.o(i.wait_ms)
    _get_lc_numeric                          0x08006f51   Thumb Code    44  lc_numeric_c.o(locale$$code)
    _get_lc_ctype                            0x08006f7d   Thumb Code    44  lc_ctype_c.o(locale$$code)
    ros::Subscriber<geometry_msgs::Twist>::getMsgType() 0x08006fa9   Thumb Code     4  main.o(t._ZN3ros10SubscriberIN13geometry_msgs5TwistEE10getMsgTypeEv)
    ros::Subscriber<geometry_msgs::Twist>::getEndpointType() 0x08006fb1   Thumb Code     4  main.o(t._ZN3ros10SubscriberIN13geometry_msgs5TwistEE15getEndpointTypeEv)
    ros::Subscriber<geometry_msgs::Twist>::callback(unsigned char*) 0x08006fb5   Thumb Code    38  main.o(t._ZN3ros10SubscriberIN13geometry_msgs5TwistEE8callbackEPh)
    ros::Subscriber<geometry_msgs::Twist>::getMsgMD5() 0x08006fdd   Thumb Code     4  main.o(t._ZN3ros10SubscriberIN13geometry_msgs5TwistEE9getMsgMD5Ev)
    ros::NodeHandle_<MbedHardware, (int)25, (int)25, (int)512, (int)512>::publish(int, const ros::Msg*) 0x08006fe5   Thumb Code   244  main.o(t._ZN3ros11NodeHandle_I12MbedHardwareLi25ELi25ELi512ELi512EE7publishEiPKNS_3MsgE)
    ros::NodeHandle_<MbedHardware, (int)25, (int)25, (int)512, (int)512>::spinOnce() 0x080070e1   Thumb Code  1256  main.o(t._ZN3ros11NodeHandle_I12MbedHardwareLi25ELi25ELi512ELi512EE8spinOnceEv)
    mbed::FunctionPointerArg1<void, void>::membercaller<BufferedSerial>(void*, unsigned*) 0x080075c9   Thumb Code    20  bufferedserial.o(t._ZN4mbed19FunctionPointerArg1IvvE12membercallerI14BufferedSerialEEvPvPj)
    MyBuffer<char>::MyBuffer(unsigned)       0x080075dd   Thumb Code    32  mybuffer.o(t._ZN8MyBufferIcEC1Ej)
    MyBuffer<char>::MyBuffer__sub_object(unsigned) 0x080075dd   Thumb Code     0  mybuffer.o(t._ZN8MyBufferIcEC1Ej)
    MyBuffer<char>::~MyBuffer()              0x080075fd   Thumb Code    14  mybuffer.o(t._ZN8MyBufferIcED1Ev)
    MyBuffer<char>::~MyBuffer__sub_object()  0x080075fd   Thumb Code     0  mybuffer.o(t._ZN8MyBufferIcED1Ev)
    __aeabi_dneg                             0x0800760b   Thumb Code     0  basic.o(x$fpl$basic)
    _dneg                                    0x0800760b   Thumb Code     6  basic.o(x$fpl$basic)
    __aeabi_fneg                             0x08007611   Thumb Code     0  basic.o(x$fpl$basic)
    _fneg                                    0x08007611   Thumb Code     6  basic.o(x$fpl$basic)
    _dabs                                    0x08007617   Thumb Code     6  basic.o(x$fpl$basic)
    _fabs                                    0x0800761d   Thumb Code     6  basic.o(x$fpl$basic)
    __aeabi_d2f                              0x08007625   Thumb Code     0  d2f.o(x$fpl$d2f)
    _d2f                                     0x08007625   Thumb Code    98  d2f.o(x$fpl$d2f)
    __aeabi_dadd                             0x08007689   Thumb Code     0  daddsub_clz.o(x$fpl$dadd)
    _dadd                                    0x08007689   Thumb Code   332  daddsub_clz.o(x$fpl$dadd)
    __fpl_dcmp_Inf                           0x080077d9   Thumb Code    24  dcmpi.o(x$fpl$dcmpinf)
    __aeabi_ddiv                             0x080077f1   Thumb Code     0  ddiv.o(x$fpl$ddiv)
    _ddiv                                    0x080077f1   Thumb Code   552  ddiv.o(x$fpl$ddiv)
    __aeabi_cdcmpeq                          0x08007aa1   Thumb Code     0  deqf.o(x$fpl$deqf)
    _dcmpeq                                  0x08007aa1   Thumb Code   120  deqf.o(x$fpl$deqf)
    __aeabi_d2iz                             0x08007b19   Thumb Code     0  dfix.o(x$fpl$dfix)
    _dfix                                    0x08007b19   Thumb Code    94  dfix.o(x$fpl$dfix)
    __aeabi_i2d                              0x08007b77   Thumb Code     0  dflt_clz.o(x$fpl$dflt)
    _dflt                                    0x08007b77   Thumb Code    46  dflt_clz.o(x$fpl$dflt)
    __aeabi_ui2d                             0x08007ba5   Thumb Code     0  dflt_clz.o(x$fpl$dfltu)
    _dfltu                                   0x08007ba5   Thumb Code    38  dflt_clz.o(x$fpl$dfltu)
    __aeabi_cdcmple                          0x08007bcd   Thumb Code     0  dleqf.o(x$fpl$dleqf)
    _dcmple                                  0x08007bcd   Thumb Code   120  dleqf.o(x$fpl$dleqf)
    __fpl_dcmple_InfNaN                      0x08007c2f   Thumb Code     0  dleqf.o(x$fpl$dleqf)
    __aeabi_dmul                             0x08007c45   Thumb Code     0  dmul.o(x$fpl$dmul)
    _dmul                                    0x08007c45   Thumb Code   332  dmul.o(x$fpl$dmul)
    __fpl_dnaninf                            0x08007d99   Thumb Code   156  dnaninf.o(x$fpl$dnaninf)
    __fpl_dretinf                            0x08007e35   Thumb Code    12  dretinf.o(x$fpl$dretinf)
    __aeabi_cdrcmple                         0x08007e41   Thumb Code     0  drleqf.o(x$fpl$drleqf)
    _drcmple                                 0x08007e41   Thumb Code   108  drleqf.o(x$fpl$drleqf)
    __aeabi_dsub                             0x08007ead   Thumb Code     0  daddsub_clz.o(x$fpl$dsub)
    _dsub                                    0x08007ead   Thumb Code   464  daddsub_clz.o(x$fpl$dsub)
    __aeabi_f2d                              0x08008081   Thumb Code     0  f2d.o(x$fpl$f2d)
    _f2d                                     0x08008081   Thumb Code    86  f2d.o(x$fpl$f2d)
    __fpl_fnaninf                            0x080080d7   Thumb Code   140  fnaninf.o(x$fpl$fnaninf)
    _fp_init                                 0x08008163   Thumb Code    10  fpinit.o(x$fpl$fpinit)
    __fplib_config_fpu_vfp                   0x0800816b   Thumb Code     0  fpinit.o(x$fpl$fpinit)
    __fplib_config_pureend_doubles           0x0800816b   Thumb Code     0  fpinit.o(x$fpl$fpinit)
    __fpl_fretinf                            0x0800816d   Thumb Code    10  fretinf.o(x$fpl$fretinf)
    _printf_fp_dec                           0x08008177   Thumb Code     4  printf1.o(x$fpl$printf1)
    _printf_fp_hex                           0x0800817b   Thumb Code     4  printf2.o(x$fpl$printf2)
    __I$use$fp                               0x0800817e   Number         0  usenofp.o(x$fpl$usenofp)
    __stdin_name                             0x08008190   Data           7  retarget.o(.constdata)
    __stdout_name                            0x08008197   Data           8  retarget.o(.constdata)
    __stderr_name                            0x0800819f   Data           8  retarget.o(.constdata)
    APBAHBPrescTable                         0x080081a7   Data          16  stm32f4xx_hal_rcc.o(.constdata)
    AHBPrescTable                            0x080081b7   Data          16  system_stm32f4xx.o(.constdata)
    PinMap_PWM                               0x08008200   Data         360  PeripheralPins.o(.constdata)
    PinMap_UART_TX                           0x08008368   Data          72  PeripheralPins.o(.constdata)
    PinMap_UART_RX                           0x080083b0   Data          72  PeripheralPins.o(.constdata)
    vtable for BufferedSerial                0x08008528   Data          44  bufferedserial.o(.constdata__ZTV14BufferedSerial)
    vtable for geometry_msgs::Vector3Stamped 0x08008554   Data          24  main.o(.constdata__ZTVN13geometry_msgs14Vector3StampedE)
    vtable for geometry_msgs::Twist          0x0800856c   Data          24  main.o(.constdata__ZTVN13geometry_msgs5TwistE)
    vtable for geometry_msgs::Vector3        0x08008584   Data          24  main.o(.constdata__ZTVN13geometry_msgs7Vector3E)
    vtable for rosserial_msgs::RequestParamResponse 0x0800859c   Data          24  main.o(.constdata__ZTVN14rosserial_msgs20RequestParamResponseE)
    vtable for rosserial_msgs::Log           0x080085b4   Data          24  main.o(.constdata__ZTVN14rosserial_msgs3LogE)
    vtable for rosserial_msgs::TopicInfo     0x080085cc   Data          24  main.o(.constdata__ZTVN14rosserial_msgs9TopicInfoE)
    vtable for ros::Subscriber<geometry_msgs::Twist> 0x080085e4   Data          24  main.o(.constdata__ZTVN3ros10SubscriberIN13geometry_msgs5TwistEEE)
    vtable for ros::NodeHandle_<MbedHardware, (int)25, (int)25, (int)512, (int)512> 0x080085fc   Data          20  main.o(.constdata__ZTVN3ros11NodeHandle_I12MbedHardwareLi25ELi25ELi512ELi512EEE)
    vtable for mbed::SerialBase              0x08008610   Data          16  SerialBase.o(.constdata__ZTVN4mbed10SerialBaseE)
    vtable for mbed::InterruptIn             0x08008620   Data          16  InterruptIn.o(.constdata__ZTVN4mbed11InterruptInE)
    vtable for mbed::RawSerial               0x08008630   Data          16  RawSerial.o(.constdata__ZTVN4mbed9RawSerialE)
    vtable for std_msgs::Time                0x08008640   Data          24  main.o(.constdata__ZTVN8std_msgs4TimeE)
    vtable for std_msgs::Header              0x08008658   Data          24  main.o(.constdata__ZTVN8std_msgs6HeaderE)
    Region$$Table$$Base                      0x08008878   Number         0  anon$$obj.o(Region$$Table)
    Region$$Table$$Limit                     0x08008898   Number         0  anon$$obj.o(Region$$Table)
    __ctype                                  0x080088c1   Data           0  lc_ctype_c.o(locale$$data)
    SHT$$INIT_ARRAY$$Base                    0x080089c4   Number         0  main.o(.init_array)
    SHT$$INIT_ARRAY$$Limit                   0x080089c8   Number         0  init_aeabi.o(.init_array)
    Image$$RW_IRAM1$$ZI$$Limit               0x10000000   Number         0  anon$$obj.o ABSOLUTE
    PreviousVal                              0x20000188   Data           4  hal_tick.o(.data)
    SystemCoreClock                          0x20000190   Data           4  system_stm32f4xx.o(.data)
    lastMilli                                0x20000198   Data           4  main.o(.data)
    direction1                               0x2000019c   Data           4  main.o(.data)
    direction2                               0x200001a0   Data           4  main.o(.data)
    PWM_val1                                 0x200001a4   Data           4  main.o(.data)
    PWM_val2                                 0x200001a8   Data           4  main.o(.data)
    countAnt1                                0x200001b4   Data           4  main.o(.data)
    countAnt2                                0x200001b8   Data           4  main.o(.data)
    Kp                                       0x200001bc   Data           4  main.o(.data)
    Kd                                       0x200001c0   Data           4  main.o(.data)
    time_now                                 0x200001c4   Data           4  main.o(.data)
    rpm_req1                                 0x200001c8   Data           8  main.o(.data)
    rpm_req2                                 0x200001d0   Data           8  main.o(.data)
    rpm_act1                                 0x200001d8   Data           8  main.o(.data)
    rpm_act2                                 0x200001e0   Data           8  main.o(.data)
    current_time                             0x200001f8   Data           8  main.o(.data)
    last_time                                0x20000200   Data           8  main.o(.data)
    stdio_uart_inited                        0x20000208   Data           4  serial_api.o(.data)
    mbed::FileBase::_head                    0x20000260   Data           4  FileBase.o(.data)
    __aeabi_stdin                            0x20000264   Data           4  stdio_streams.o(.data)
    __aeabi_stdout                           0x20000268   Data           4  stdio_streams.o(.data)
    __aeabi_stderr                           0x2000026c   Data           4  stdio_streams.o(.data)
    geometry_msgs::Vector3Stamped::getMD5()::string 0x20000274   Data          33  main.o(.data__ZZN13geometry_msgs14Vector3Stamped6getMD5EvEs)
    geometry_msgs::Vector3Stamped::getType()::string 0x20000295   Data          29  main.o(.data__ZZN13geometry_msgs14Vector3Stamped7getTypeEvEs)
    geometry_msgs::Twist::getMD5()::string   0x200002b2   Data          33  main.o(.data__ZZN13geometry_msgs5Twist6getMD5EvEs)
    geometry_msgs::Twist::getType()::string  0x200002d3   Data          20  main.o(.data__ZZN13geometry_msgs5Twist7getTypeEvEs)
    geometry_msgs::Vector3::getMD5()::string 0x200002e7   Data          33  main.o(.data__ZZN13geometry_msgs7Vector36getMD5EvEs)
    geometry_msgs::Vector3::getType()::string 0x20000308   Data          22  main.o(.data__ZZN13geometry_msgs7Vector37getTypeEvEs)
    rosserial_msgs::RequestParamResponse::getMD5()::string 0x2000031e   Data          33  main.o(.data__ZZN14rosserial_msgs20RequestParamResponse6getMD5EvEs)
    rosserial_msgs::Log::getMD5()::string    0x2000033f   Data          33  main.o(.data__ZZN14rosserial_msgs3Log6getMD5EvEs)
    rosserial_msgs::Log::getType()::string   0x20000360   Data          19  main.o(.data__ZZN14rosserial_msgs3Log7getTypeEvEs)
    rosserial_msgs::TopicInfo::getMD5()::string 0x20000373   Data          33  main.o(.data__ZZN14rosserial_msgs9TopicInfo6getMD5EvEs)
    rosserial_msgs::TopicInfo::getType()::string 0x20000394   Data          25  main.o(.data__ZZN14rosserial_msgs9TopicInfo7getTypeEvEs)
    rosserial_msgs::TopicInfo::TopicInfo()::string 0x200003ad   Data           1  main.o(.data__ZZN14rosserial_msgs9TopicInfoC1EvEs)
    ros::NodeHandle_<MbedHardware, (int)25, (int)25, (int)512, (int)512>::publish(int, const ros::Msg*)::string 0x200003ae   Data          57  main.o(.data__ZZN3ros11NodeHandle_I12MbedHardwareLi25ELi25ELi512ELi512EE7publishEiPKNS_3MsgEEs)
    std_msgs::Time::getMD5()::string         0x200003e7   Data          33  main.o(.data__ZZN8std_msgs4Time6getMD5EvEs)
    std_msgs::Time::getType()::string        0x20000408   Data          14  main.o(.data__ZZN8std_msgs4Time7getTypeEvEs)
    std_msgs::Header::getMD5()::string       0x20000416   Data          33  main.o(.data__ZZN8std_msgs6Header6getMD5EvEs)
    std_msgs::Header::getType()::string      0x20000437   Data          16  main.o(.data__ZZN8std_msgs6Header7getTypeEvEs)
    std_msgs::Header::Header()::string       0x20000447   Data           1  main.o(.data__ZZN8std_msgs6HeaderC1EvEs)
    TimMasterHandle                          0x20000448   Data          60  hal_tick.o(.bss)
    nh                                       0x200004c8   Data        1464  main.o(.bss)
    sub                                      0x20000a80   Data          96  main.o(.bss)
    rpm_msg                                  0x20000ae0   Data          56  main.o(.bss)
    rpm_pub                                  0x20000b18   Data          20  main.o(.bss)
    encoderA1                                0x20000b2c   Data          84  main.o(.bss)
    encoderB1                                0x20000b80   Data          84  main.o(.bss)
    encoderA2                                0x20000bd4   Data          84  main.o(.bss)
    encoderB2                                0x20000c28   Data          84  main.o(.bss)
    dir1                                     0x20000c7c   Data          16  main.o(.bss)
    dir3                                     0x20000c8c   Data          16  main.o(.bss)
    pwm1                                     0x20000c9c   Data          20  main.o(.bss)
    dir2                                     0x20000cb0   Data          16  main.o(.bss)
    pwm2                                     0x20000cc0   Data          20  main.o(.bss)
    t                                        0x20000cd4   Data          16  main.o(.bss)
    serial_irq_ids                           0x20000d20   Data          32  serial_api.o(.bss)
    stdio_uart                               0x20000f40   Data          28  serial_api.o(.bss)
    __stdin                                  0x200011ac   Data          84  stdio_streams.o(.bss)
    __stdout                                 0x20001200   Data          84  stdio_streams.o(.bss)
    __stderr                                 0x20001254   Data          84  stdio_streams.o(.bss)



==============================================================================

Memory Map of the image

  Image Entry point : 0x08000189

  Load Region LR_IROM1 (Base: 0x08000000, Size: 0x00008c88, Max: 0x00100000, ABSOLUTE, COMPRESSED[0x00008b78])

    Execution Region ER_IROM1 (Base: 0x08000000, Size: 0x000089c8, Max: 0x00100000, ABSOLUTE)

    Base Addr    Size         Type   Attr      Idx    E Section Name        Object

    0x08000000   0x00000188   Data   RO         1057    RESET               startup_STM32F40x.o
    0x08000188   0x00000008   Code   RO         5102  * !!!main             c_w.l(__main.o)
    0x08000190   0x00000034   Code   RO         5809    !!!scatter          c_w.l(__scatter.o)
    0x080001c4   0x0000005a   Code   RO         5807    !!dczerorl2         c_w.l(__dczerorl2.o)
    0x0800021e   0x00000002   PAD
    0x08000220   0x0000001c   Code   RO         5811    !!handler_zi        c_w.l(__scatter_zi.o)
    0x0800023c   0x00000000   Code   RO         5394    .ARM.Collect$$_printf_percent$$00000000  c_w.l(_printf_percent.o)
    0x0800023c   0x00000006   Code   RO         5383    .ARM.Collect$$_printf_percent$$00000001  c_w.l(_printf_n.o)
    0x08000242   0x00000006   Code   RO         5385    .ARM.Collect$$_printf_percent$$00000002  c_w.l(_printf_p.o)
    0x08000248   0x00000006   Code   RO         5390    .ARM.Collect$$_printf_percent$$00000003  c_w.l(_printf_f.o)
    0x0800024e   0x00000006   Code   RO         5391    .ARM.Collect$$_printf_percent$$00000004  c_w.l(_printf_e.o)
    0x08000254   0x00000006   Code   RO         5392    .ARM.Collect$$_printf_percent$$00000005  c_w.l(_printf_g.o)
    0x0800025a   0x00000006   Code   RO         5393    .ARM.Collect$$_printf_percent$$00000006  c_w.l(_printf_a.o)
    0x08000260   0x0000000a   Code   RO         5398    .ARM.Collect$$_printf_percent$$00000007  c_w.l(_printf_ll.o)
    0x0800026a   0x00000006   Code   RO         5387    .ARM.Collect$$_printf_percent$$00000008  c_w.l(_printf_i.o)
    0x08000270   0x00000006   Code   RO         5388    .ARM.Collect$$_printf_percent$$00000009  c_w.l(_printf_d.o)
    0x08000276   0x00000006   Code   RO         5389    .ARM.Collect$$_printf_percent$$0000000A  c_w.l(_printf_u.o)
    0x0800027c   0x00000006   Code   RO         5386    .ARM.Collect$$_printf_percent$$0000000B  c_w.l(_printf_o.o)
    0x08000282   0x00000006   Code   RO         5384    .ARM.Collect$$_printf_percent$$0000000C  c_w.l(_printf_x.o)
    0x08000288   0x00000006   Code   RO         5395    .ARM.Collect$$_printf_percent$$0000000D  c_w.l(_printf_lli.o)
    0x0800028e   0x00000006   Code   RO         5396    .ARM.Collect$$_printf_percent$$0000000E  c_w.l(_printf_lld.o)
    0x08000294   0x00000006   Code   RO         5397    .ARM.Collect$$_printf_percent$$0000000F  c_w.l(_printf_llu.o)
    0x0800029a   0x00000006   Code   RO         5402    .ARM.Collect$$_printf_percent$$00000010  c_w.l(_printf_llo.o)
    0x080002a0   0x00000006   Code   RO         5403    .ARM.Collect$$_printf_percent$$00000011  c_w.l(_printf_llx.o)
    0x080002a6   0x0000000a   Code   RO         5399    .ARM.Collect$$_printf_percent$$00000012  c_w.l(_printf_l.o)
    0x080002b0   0x00000006   Code   RO         5381    .ARM.Collect$$_printf_percent$$00000013  c_w.l(_printf_c.o)
    0x080002b6   0x00000006   Code   RO         5382    .ARM.Collect$$_printf_percent$$00000014  c_w.l(_printf_s.o)
    0x080002bc   0x00000006   Code   RO         5400    .ARM.Collect$$_printf_percent$$00000015  c_w.l(_printf_lc.o)
    0x080002c2   0x00000006   Code   RO         5401    .ARM.Collect$$_printf_percent$$00000016  c_w.l(_printf_ls.o)
    0x080002c8   0x00000004   Code   RO         5595    .ARM.Collect$$_printf_percent$$00000017  c_w.l(_printf_percent_end.o)
    0x080002cc   0x00000002   Code   RO         5734    .ARM.Collect$$libinit$$00000000  c_w.l(libinit.o)
    0x080002ce   0x00000004   Code   RO         5435    .ARM.Collect$$libinit$$00000001  c_w.l(libinit2.o)
    0x080002d2   0x00000008   Code   RO         5437    .ARM.Collect$$libinit$$00000003  c_w.l(libinit2.o)
    0x080002da   0x00000000   Code   RO         5439    .ARM.Collect$$libinit$$00000008  c_w.l(libinit2.o)
    0x080002da   0x00000000   Code   RO         5441    .ARM.Collect$$libinit$$0000000A  c_w.l(libinit2.o)
    0x080002da   0x00000000   Code   RO         5443    .ARM.Collect$$libinit$$0000000C  c_w.l(libinit2.o)
    0x080002da   0x00000006   Code   RO         5444    .ARM.Collect$$libinit$$0000000D  c_w.l(libinit2.o)
    0x080002e0   0x00000000   Code   RO         5446    .ARM.Collect$$libinit$$0000000F  c_w.l(libinit2.o)
    0x080002e0   0x0000000c   Code   RO         5447    .ARM.Collect$$libinit$$00000010  c_w.l(libinit2.o)
    0x080002ec   0x00000000   Code   RO         5448    .ARM.Collect$$libinit$$00000011  c_w.l(libinit2.o)
    0x080002ec   0x00000000   Code   RO         5450    .ARM.Collect$$libinit$$00000013  c_w.l(libinit2.o)
    0x080002ec   0x0000000a   Code   RO         5451    .ARM.Collect$$libinit$$00000014  c_w.l(libinit2.o)
    0x080002f6   0x00000000   Code   RO         5452    .ARM.Collect$$libinit$$00000015  c_w.l(libinit2.o)
    0x080002f6   0x00000000   Code   RO         5454    .ARM.Collect$$libinit$$00000017  c_w.l(libinit2.o)
    0x080002f6   0x00000000   Code   RO         5456    .ARM.Collect$$libinit$$00000019  c_w.l(libinit2.o)
    0x080002f6   0x00000000   Code   RO         5458    .ARM.Collect$$libinit$$0000001B  c_w.l(libinit2.o)
    0x080002f6   0x00000000   Code   RO         5460    .ARM.Collect$$libinit$$0000001D  c_w.l(libinit2.o)
    0x080002f6   0x00000000   Code   RO         5462    .ARM.Collect$$libinit$$0000001F  c_w.l(libinit2.o)
    0x080002f6   0x00000000   Code   RO         5464    .ARM.Collect$$libinit$$00000021  c_w.l(libinit2.o)
    0x080002f6   0x00000004   Code   RO         5465    .ARM.Collect$$libinit$$00000022  c_w.l(libinit2.o)
    0x080002fa   0x00000000   Code   RO         5466    .ARM.Collect$$libinit$$00000023  c_w.l(libinit2.o)
    0x080002fa   0x00000000   Code   RO         5470    .ARM.Collect$$libinit$$0000002A  c_w.l(libinit2.o)
    0x080002fa   0x00000000   Code   RO         5472    .ARM.Collect$$libinit$$0000002C  c_w.l(libinit2.o)
    0x080002fa   0x00000000   Code   RO         5474    .ARM.Collect$$libinit$$0000002E  c_w.l(libinit2.o)
    0x080002fa   0x00000004   Code   RO         5475    .ARM.Collect$$libinit$$0000002F  c_w.l(libinit2.o)
    0x080002fe   0x00000000   Code   RO         5476    .ARM.Collect$$libinit$$00000030  c_w.l(libinit2.o)
    0x080002fe   0x00000002   Code   RO         5477    .ARM.Collect$$libinit$$00000031  c_w.l(libinit2.o)
    0x08000300   0x00000006   Code   RO         5478    .ARM.Collect$$libshutdown$$00000001  c_w.l(libshutdown2.o)
    0x08000306   0x00000000   Code   RO         5480    .ARM.Collect$$libshutdown$$00000003  c_w.l(libshutdown2.o)
    0x08000306   0x00000000   Code   RO         5273    .ARM.Collect$$rtentry$$00000000  c_w.l(rtentry.o)
    0x08000306   0x00000000   Code   RO         5554    .ARM.Collect$$rtentry$$00000002  c_w.l(rtentry2.o)
    0x08000306   0x00000006   Code   RO         5566    .ARM.Collect$$rtentry$$00000004  c_w.l(rtentry4.o)
    0x0800030c   0x00000000   Code   RO         5556    .ARM.Collect$$rtentry$$00000009  c_w.l(rtentry2.o)
    0x0800030c   0x00000004   Code   RO         5557    .ARM.Collect$$rtentry$$0000000A  c_w.l(rtentry2.o)
    0x08000310   0x00000000   Code   RO         5559    .ARM.Collect$$rtentry$$0000000C  c_w.l(rtentry2.o)
    0x08000310   0x00000008   Code   RO         5560    .ARM.Collect$$rtentry$$0000000D  c_w.l(rtentry2.o)
    0x08000318   0x00000000   Code   RO         5572    .emb_text           c_w.l(maybetermalloc1.o)
    0x08000318   0x00000024   Code   RO         1058    .text               startup_STM32F40x.o
    0x0800033c   0x0000005e   Code   RO         4991    .text               c_w.l(h1_alloc.o)
    0x0800039a   0x0000004e   Code   RO         4993    .text               c_w.l(h1_free.o)
    0x080003e8   0x000000b8   Code   RO         4995    .text               c_w.l(h1_realloc.o)
    0x080004a0   0x0000000a   Code   RO         5053    .text               c_w.l(vfprintf.o)
    0x080004aa   0x00000002   PAD
    0x080004ac   0x0000003c   Code   RO         5059    .text               c_w.l(__0sscanf.o)
    0x080004e8   0x0000014c   Code   RO         5061    .text               c_w.l(_scanf_int.o)
    0x08000634   0x00000064   Code   RO         5063    .text               c_w.l(fflush.o)
    0x08000698   0x0000003e   Code   RO         5086    .text               c_w.l(strlen.o)
    0x080006d6   0x00000096   Code   RO         5088    .text               c_w.l(strncmp.o)
    0x0800076c   0x0000008a   Code   RO         5090    .text               c_w.l(rt_memcpy_v6.o)
    0x080007f6   0x00000064   Code   RO         5092    .text               c_w.l(rt_memcpy_w.o)
    0x0800085a   0x00000044   Code   RO         5094    .text               c_w.l(rt_memclr.o)
    0x0800089e   0x0000004e   Code   RO         5096    .text               c_w.l(rt_memclr_w.o)
    0x080008ec   0x00000080   Code   RO         5100    .text               c_w.l(strcmpv7m.o)
    0x0800096c   0x00000024   Code   RO         5107    .text               c_w.l(init_aeabi.o)
    0x08000990   0x00000008   Code   RO         5274    .text               c_w.l(rt_heap_descriptor.o)
    0x08000998   0x00000008   Code   RO         5279    .text               c_w.l(rt_new_handler_addr.o)
    0x080009a0   0x00000008   Code   RO         5284    .text               c_w.l(rt_ddtor_pointer_addr.o)
    0x080009a8   0x00000004   Code   RO         5289    .text               c_w.l(hguard.o)
    0x080009ac   0x0000008a   Code   RO         5291    .text               c_w.l(init_alloc.o)
    0x08000a36   0x0000000e   Code   RO         5295    .text               c_w.l(h1_init.o)
    0x08000a44   0x0000004e   Code   RO         5311    .text               c_w.l(_printf_pad.o)
    0x08000a92   0x00000024   Code   RO         5313    .text               c_w.l(_printf_truncate.o)
    0x08000ab6   0x00000052   Code   RO         5315    .text               c_w.l(_printf_str.o)
    0x08000b08   0x00000074   Code   RO         5317    .text               c_w.l(_printf_dec.o)
    0x08000b7c   0x00000028   Code   RO         5319    .text               c_w.l(_printf_charcount.o)
    0x08000ba4   0x00000030   Code   RO         5321    .text               c_w.l(_printf_char_common.o)
    0x08000bd4   0x00000024   Code   RO         5327    .text               c_w.l(_printf_char_file.o)
    0x08000bf8   0x000000bc   Code   RO         5329    .text               c_w.l(_printf_wctomb.o)
    0x08000cb4   0x00000078   Code   RO         5332    .text               c_w.l(_printf_longlong_dec.o)
    0x08000d2c   0x00000070   Code   RO         5338    .text               c_w.l(_printf_oct_int_ll.o)
    0x08000d9c   0x00000094   Code   RO         5358    .text               c_w.l(_printf_hex_int_ll_ptr.o)
    0x08000e30   0x00000188   Code   RO         5378    .text               c_w.l(__printf_flags_ss_wp.o)
    0x08000fb8   0x0000001c   Code   RO         5404    .text               c_w.l(_chval.o)
    0x08000fd4   0x0000002c   Code   RO         5406    .text               c_w.l(scanf_char.o)
    0x08001000   0x00000040   Code   RO         5408    .text               c_w.l(_sgetc.o)
    0x08001040   0x00000008   Code   RO         5410    .text               c_w.l(ferror.o)
    0x08001048   0x000000f8   Code   RO         5414    .text               c_w.l(fseek.o)
    0x08001140   0x00000046   Code   RO         5416    .text               c_w.l(setvbuf.o)
    0x08001186   0x00000002   PAD
    0x08001188   0x000000f0   Code   RO         5418    .text               c_w.l(stdio.o)
    0x08001278   0x00000138   Code   RO         5421    .text               c_w.l(initio.o)
    0x080013b0   0x00000004   Code   RO         5500    .text               cpprt_w.l(arm_newhandler_noexceptions.o)
    0x080013b4   0x00000034   Code   RO         5574    .text               c_w.l(h1_extend.o)
    0x080013e8   0x0000008a   Code   RO         5578    .text               c_w.l(lludiv10.o)
    0x08001472   0x00000012   Code   RO         5580    .text               c_w.l(isspace.o)
    0x08001484   0x000000b2   Code   RO         5582    .text               c_w.l(_printf_intcommon.o)
    0x08001536   0x00000416   Code   RO         5584    .text               c_w.l(_printf_fp_dec.o)
    0x0800194c   0x000002f8   Code   RO         5586    .text               c_w.l(_printf_fp_hex.o)
    0x08001c44   0x0000002c   Code   RO         5591    .text               c_w.l(_printf_char.o)
    0x08001c70   0x0000002c   Code   RO         5593    .text               c_w.l(_printf_wchar.o)
    0x08001c9c   0x0000036c   Code   RO         5596    .text               c_w.l(_scanf.o)
    0x08002008   0x00000042   Code   RO         5602    .text               c_w.l(ftell.o)
    0x0800204a   0x00000002   PAD
    0x0800204c   0x000000ec   Code   RO         5608    .text               c_w.l(fopen.o)
    0x08002138   0x0000004c   Code   RO         5610    .text               c_w.l(fclose.o)
    0x08002184   0x00000040   Code   RO         5626    .text               c_w.l(_wcrtomb.o)
    0x080021c4   0x0000000a   Code   RO         5628    .text               c_w.l(defsig_exit.o)
    0x080021ce   0x0000000e   Code   RO         5630    .text               c_w.l(defsig_rtred_outer.o)
    0x080021dc   0x0000000e   Code   RO         5634    .text               c_w.l(defsig_rtmem_outer.o)
    0x080021ea   0x00000002   PAD
    0x080021ec   0x00000050   Code   RO         5640    .text               c_w.l(heapauxa.o)
    0x0800223c   0x0000001a   Code   RO         5649    .text               cpprt_w.l(arm_exceptions_terminate.o)
    0x08002256   0x00000002   PAD
    0x08002258   0x0000000c   Code   RO         5667    .text               c_w.l(sys_exit.o)
    0x08002264   0x00000010   Code   RO         5669    .text               c_w.l(rt_ctype_table.o)
    0x08002274   0x00000008   Code   RO         5671    .text               c_w.l(rt_locale.o)
    0x0800227c   0x00000008   Code   RO         5676    .text               c_w.l(rt_errno_addr.o)
    0x08002284   0x00000080   Code   RO         5683    .text               c_w.l(_printf_fp_infnan.o)
    0x08002304   0x000000d8   Code   RO         5685    .text               c_w.l(bigflt0.o)
    0x080023dc   0x000001d6   Code   RO         5710    .text               c_w.l(flsbuf.o)
    0x080025b2   0x00000010   Code   RO         5715    .text               c_w.l(abort.o)
    0x080025c2   0x00000032   Code   RO         5719    .text               c_w.l(defsig_general.o)
    0x080025f4   0x00000034   Code   RO         5721    .text               c_w.l(defsig_rtred_inner.o)
    0x08002628   0x00000050   Code   RO         5723    .text               c_w.l(defsig_rtmem_inner.o)
    0x08002678   0x00000050   Code   RO         5743    .text               cpprt_w.l(arm_exceptions_globs.o)
    0x080026c8   0x0000000e   Code   RO         5753    .text               c_w.l(sys_wrch.o)
    0x080026d6   0x00000002   Code   RO         5755    .text               c_w.l(use_no_semi.o)
    0x080026d8   0x00000000   Code   RO         5757    .text               c_w.l(indicate_semi.o)
    0x080026d8   0x00000008   Code   RO         5758    .text               c_w.l(rt_eh_globals_addr.o)
    0x080026e0   0x0000000e   Code   RO         5778    .text               c_w.l(defsig_abrt_outer.o)
    0x080026ee   0x0000003c   Code   RO         5786    .text               cpprt_w.l(arm_exceptions_mem.o)
    0x0800272a   0x00000002   PAD
    0x0800272c   0x00000030   Code   RO         5793    .text               c_w.l(defsig_abrt_inner.o)
    0x0800275c   0x0000003e   Code   RO         5688    CL$$btod_d2e        c_w.l(btod.o)
    0x0800279a   0x00000046   Code   RO         5690    CL$$btod_d2e_denorm_low  c_w.l(btod.o)
    0x080027e0   0x00000060   Code   RO         5689    CL$$btod_d2e_norm_op1  c_w.l(btod.o)
    0x08002840   0x00000338   Code   RO         5698    CL$$btod_div_common  c_w.l(btod.o)
    0x08002b78   0x000000c6   Code   RO         5695    CL$$btod_e2e        c_w.l(btod.o)
    0x08002c3e   0x00000028   Code   RO         5692    CL$$btod_ediv       c_w.l(btod.o)
    0x08002c66   0x00000028   Code   RO         5691    CL$$btod_emul       c_w.l(btod.o)
    0x08002c8e   0x00000244   Code   RO         5697    CL$$btod_mult_common  c_w.l(btod.o)
    0x08002ed2   0x00000012   Code   RO          940    i.$Sub$$main        retarget.o
    0x08002ee4   0x00000008   Code   RO         4685    i.<Func1>           mbed.ar(SerialBase.o)
    0x08002eec   0x00000244   Code   RO         1617    i.HAL_GPIO_Init     stm32f4xx_hal_gpio.o
    0x08003130   0x0000000c   Code   RO         1076    i.HAL_GetTick       stm32f4xx_hal.o
    0x0800313c   0x00000010   Code   RO         1077    i.HAL_IncTick       stm32f4xx_hal.o
    0x0800314c   0x0000002c   Code   RO         1078    i.HAL_Init          stm32f4xx_hal.o
    0x08003178   0x000000c0   Code   RO          920    i.HAL_InitTick      hal_tick.o
    0x08003238   0x00000002   Code   RO         1987    i.HAL_MspInit       stm32f4xx_hal_msp_template.o
    0x0800323a   0x00000002   PAD
    0x0800323c   0x00000024   Code   RO         1262    i.HAL_NVIC_SetPriorityGrouping  stm32f4xx_hal_cortex.o
    0x08003260   0x00000230   Code   RO         2265    i.HAL_RCC_ClockConfig  stm32f4xx_hal_rcc.o
    0x08003490   0x00000040   Code   RO         2269    i.HAL_RCC_GetClockConfig  stm32f4xx_hal_rcc.o
    0x080034d0   0x0000004c   Code   RO         2272    i.HAL_RCC_GetPCLK1Freq  stm32f4xx_hal_rcc.o
    0x0800351c   0x0000004c   Code   RO         2273    i.HAL_RCC_GetPCLK2Freq  stm32f4xx_hal_rcc.o
    0x08003568   0x00000094   Code   RO         2274    i.HAL_RCC_GetSysClockFreq  stm32f4xx_hal_rcc.o
    0x080035fc   0x0000038c   Code   RO         2277    i.HAL_RCC_OscConfig  stm32f4xx_hal_rcc.o
    0x08003988   0x0000002c   Code   RO         2951    i.HAL_TIMEx_PWMN_Start  stm32f4xx_hal_tim_ex.o
    0x080039b4   0x00000036   Code   RO         2774    i.HAL_TIM_OC_Init   stm32f4xx_hal_tim.o
    0x080039ea   0x00000002   Code   RO         2776    i.HAL_TIM_OC_MspInit  stm32f4xx_hal_tim.o
    0x080039ec   0x00000040   Code   RO         2777    i.HAL_TIM_OC_Start  stm32f4xx_hal_tim.o
    0x08003a2c   0x00000234   Code   RO         2793    i.HAL_TIM_PWM_ConfigChannel  stm32f4xx_hal_tim.o
    0x08003c60   0x00000036   Code   RO         2796    i.HAL_TIM_PWM_Init  stm32f4xx_hal_tim.o
    0x08003c96   0x00000002   Code   RO         2798    i.HAL_TIM_PWM_MspInit  stm32f4xx_hal_tim.o
    0x08003c98   0x00000040   Code   RO         2800    i.HAL_TIM_PWM_Start  stm32f4xx_hal_tim.o
    0x08003cd8   0x0000005e   Code   RO         3017    i.HAL_UART_Init     stm32f4xx_hal_uart.o
    0x08003d36   0x00000002   Code   RO         3019    i.HAL_UART_MspInit  stm32f4xx_hal_uart.o
    0x08003d38   0x00000034   Code   RO          911    i.NVIC_SetVector    cmsis_nvic.o
    0x08003d6c   0x0000008c   Code   RO         3354    i.SetSysClock_PLL_HSE  system_stm32f4xx.o
    0x08003df8   0x00000114   Code   RO         4886    i.Set_GPIO_Clock    mbed.ar(pinmap.o)
    0x08003f0c   0x00000084   Code   RO         3356    i.SystemCoreClockUpdate  system_stm32f4xx.o
    0x08003f90   0x0000017c   Code   RO         3357    i.SystemInit        system_stm32f4xx.o
    0x0800410c   0x000000c0   Code   RO         2811    i.TIM_Base_SetConfig  stm32f4xx_hal_tim.o
    0x080041cc   0x00000218   Code   RO         3035    i.UART_SetConfig    stm32f4xx_hal_uart.o
    0x080043e4   0x00000004   PAD
    0x080043e8   0x0000017c   Code   RO         3446    i._Z10handle_cmdRKN13geometry_msgs5TwistE  main.o
    0x08004564   0x0000002c   Code   RO         3451    i._Z16flip_left_A_fallv  main.o
    0x08004590   0x0000002c   Code   RO         3452    i._Z16flip_left_A_risev  main.o
    0x080045bc   0x0000002c   Code   RO         3453    i._Z16flip_left_B_fallv  main.o
    0x080045e8   0x0000002c   Code   RO         3454    i._Z16flip_left_B_risev  main.o
    0x08004614   0x0000002c   Code   RO         3455    i._Z17flip_right_A_fallv  main.o
    0x08004640   0x0000002c   Code   RO         3456    i._Z17flip_right_A_risev  main.o
    0x0800466c   0x0000002c   Code   RO         3457    i._Z17flip_right_B_fallv  main.o
    0x08004698   0x0000002c   Code   RO         3458    i._Z17flip_right_B_risev  main.o
    0x080046c4   0x00000004   PAD
    0x080046c8   0x000000d0   Code   RO         3459    i._Z17motor_1_speed_dirib  main.o
    0x08004798   0x00000080   Code   RO         3460    i._Z17motor_2_speed_dirib  main.o
    0x08004818   0x00000008   Code   RO         3840    i._ZN13geometry_msgs14Vector3Stamped6getMD5Ev  main.o
    0x08004820   0x00000008   Code   RO         3834    i._ZN13geometry_msgs14Vector3Stamped7getTypeEv  main.o
    0x08004828   0x00000008   Code   RO         3708    i._ZN13geometry_msgs5Twist6getMD5Ev  main.o
    0x08004830   0x00000008   Code   RO         3696    i._ZN13geometry_msgs5Twist7getTypeEv  main.o
    0x08004838   0x000000f8   Code   RO         3602    i._ZN13geometry_msgs7Vector311deserializeEPh  main.o
    0x08004930   0x00000008   Code   RO         3816    i._ZN13geometry_msgs7Vector36getMD5Ev  main.o
    0x08004938   0x00000008   Code   RO         3810    i._ZN13geometry_msgs7Vector37getTypeEv  main.o
    0x08004940   0x00000020   Code   RO          355    i._ZN14BufferedSerial4getcEv  bufferedserial.o
    0x08004960   0x00000030   Code   RO          356    i._ZN14BufferedSerial4putcEi  bufferedserial.o
    0x08004990   0x000000a4   Code   RO          358    i._ZN14BufferedSerial5primeEv  bufferedserial.o
    0x08004a34   0x00000038   Code   RO          359    i._ZN14BufferedSerial5rxIrqEv  bufferedserial.o
    0x08004a6c   0x00000054   Code   RO          360    i._ZN14BufferedSerial5txIrqEv  bufferedserial.o
    0x08004ac0   0x0000000e   Code   RO          363    i._ZN14BufferedSerial8readableEv  bufferedserial.o
    0x08004ace   0x00000002   PAD
    0x08004ad0   0x00000074   Code   RO          365    i._ZN14BufferedSerialC1E7PinNameS0_jjPKc  bufferedserial.o
    0x08004b44   0x00000034   Code   RO          367    i._ZN14BufferedSerialD1Ev  bufferedserial.o
    0x08004b78   0x00000008   Code   RO         3804    i._ZN14rosserial_msgs20RequestParamResponse6getMD5Ev  main.o
    0x08004b80   0x00000008   Code   RO         3798    i._ZN14rosserial_msgs20RequestParamResponse7getTypeEv  main.o
    0x08004b88   0x00000008   Code   RO         3874    i._ZN14rosserial_msgs3Log6getMD5Ev  main.o
    0x08004b90   0x00000008   Code   RO         3868    i._ZN14rosserial_msgs3Log7getTypeEv  main.o
    0x08004b98   0x00000008   Code   RO         3786    i._ZN14rosserial_msgs9TopicInfo6getMD5Ev  main.o
    0x08004ba0   0x00000008   Code   RO         3780    i._ZN14rosserial_msgs9TopicInfo7getTypeEv  main.o
    0x08004ba8   0x00000014   Code   RO         3614    i._ZN3ros11NodeHandle_I12MbedHardwareLi25ELi25ELi512ELi512EED1Ev  main.o
    0x08004bbc   0x00000020   Code   RO         3406    i._ZN3ros16normalizeSecNSecERjS0_  time.o
    0x08004bdc   0x0000002a   Code   RO         4689    i._ZN4mbed10SerialBase12_irq_handlerEj9SerialIrq  mbed.ar(SerialBase.o)
    0x08004c06   0x00000010   Code   RO         4690    i._ZN4mbed10SerialBase4baudEi  mbed.ar(SerialBase.o)
    0x08004c16   0x00000026   Code   RO         4691    i._ZN4mbed10SerialBase6attachEPFvvENS0_7IrqTypeE  mbed.ar(SerialBase.o)
    0x08004c3c   0x00000064   Code   RO         4695    i._ZN4mbed10SerialBaseC1E7PinNameS1_  mbed.ar(SerialBase.o)
    0x08004ca0   0x00000042   Code   RO         4614    i._ZN4mbed11InterruptIn12_irq_handlerEj14gpio_irq_event  mbed.ar(InterruptIn.o)
    0x08004ce2   0x00000022   Code   RO         4615    i._ZN4mbed11InterruptIn4fallEPFvvE  mbed.ar(InterruptIn.o)
    0x08004d04   0x00000006   Code   RO         4616    i._ZN4mbed11InterruptIn4modeE7PinMode  mbed.ar(InterruptIn.o)
    0x08004d0a   0x00000002   PAD
    0x08004d0c   0x00000044   Code   RO         4617    i._ZN4mbed11InterruptIn4readEv  mbed.ar(InterruptIn.o)
    0x08004d50   0x00000022   Code   RO         4618    i._ZN4mbed11InterruptIn4riseEPFvvE  mbed.ar(InterruptIn.o)
    0x08004d72   0x00000002   PAD
    0x08004d74   0x00000044   Code   RO         4619    i._ZN4mbed11InterruptInC1E7PinName  mbed.ar(InterruptIn.o)
    0x08004db8   0x00000018   Code   RO         4621    i._ZN4mbed11InterruptInD1Ev  mbed.ar(InterruptIn.o)
    0x08004dd0   0x00000030   Code   RO         4622    i._ZN4mbed11InterruptIncviEv  mbed.ar(InterruptIn.o)
    0x08004e00   0x0000001a   Code   RO         4735    i._ZN4mbed5Timer5startEv  mbed.ar(Timer.o)
    0x08004e1a   0x00000020   Code   RO         4736    i._ZN4mbed5Timer7read_msEv  mbed.ar(Timer.o)
    0x08004e3a   0x0000001e   Code   RO         4740    i._ZN4mbed5TimerC1Ev  mbed.ar(Timer.o)
    0x08004e58   0x00000004   Code   RO         4918    i._ZN4mbed8FileBase11getPathTypeEv  mbed.ar(FileBase.o)
    0x08004e5c   0x00000038   Code   RO         4920    i._ZN4mbed8FileBase6lookupEPKcj  mbed.ar(FileBase.o)
    0x08004e94   0x00000018   Code   RO         4585    i._ZN4mbed8FilePath10fileSystemEv  mbed.ar(FilePath.o)
    0x08004eac   0x0000001c   Code   RO         4587    i._ZN4mbed8FilePath4fileEv  mbed.ar(FilePath.o)
    0x08004ec8   0x0000000a   Code   RO         4588    i._ZN4mbed8FilePath6existsEv  mbed.ar(FilePath.o)
    0x08004ed2   0x00000018   Code   RO         4589    i._ZN4mbed8FilePath6isFileEv  mbed.ar(FilePath.o)
    0x08004eea   0x00000004   Code   RO         4590    i._ZN4mbed8FilePath8fileNameEv  mbed.ar(FilePath.o)
    0x08004eee   0x00000040   Code   RO         4591    i._ZN4mbed8FilePathC1EPKc  mbed.ar(FilePath.o)
    0x08004f2e   0x00000002   PAD
    0x08004f30   0x00000010   Code   RO         4660    i._ZN4mbed9RawSerialC1E7PinNameS1_  mbed.ar(RawSerial.o)
    0x08004f40   0x00000008   Code   RO         3738    i._ZN8std_msgs4Time6getMD5Ev  main.o
    0x08004f48   0x00000008   Code   RO         3732    i._ZN8std_msgs4Time7getTypeEv  main.o
    0x08004f50   0x00000008   Code   RO         3762    i._ZN8std_msgs6Header6getMD5Ev  main.o
    0x08004f58   0x00000008   Code   RO         3756    i._ZN8std_msgs6Header7getTypeEv  main.o
    0x08004f60   0x0000006e   Code   RO         3822    i._ZNK13geometry_msgs14Vector3Stamped9serializeEPh  main.o
    0x08004fce   0x0000001c   Code   RO         3846    i._ZNK13geometry_msgs5Twist9serializeEPh  main.o
    0x08004fea   0x000000e4   Code   RO         3608    i._ZNK13geometry_msgs7Vector39serializeEPh  main.o
    0x080050ce   0x000000da   Code   RO         3792    i._ZNK14rosserial_msgs20RequestParamResponse9serializeEPh  main.o
    0x080051a8   0x00000024   Code   RO         3856    i._ZNK14rosserial_msgs3Log9serializeEPh  main.o
    0x080051cc   0x00000076   Code   RO         3768    i._ZNK14rosserial_msgs9TopicInfo9serializeEPh  main.o
    0x08005242   0x00000032   Code   RO         3726    i._ZNK8std_msgs4Time9serializeEPh  main.o
    0x08005274   0x00000064   Code   RO         3744    i._ZNK8std_msgs6Header9serializeEPh  main.o
    0x080052d8   0x00000008   Code   RO         5110    i._ZdaPv            cpprt_w.l(array_del.o)
    0x080052e0   0x00000008   Code   RO         5117    i._ZdlPv            cpprt_w.l(delete.o)
    0x080052e8   0x00000008   Code   RO         5113    i._Znaj             cpprt_w.l(array_new.o)
    0x080052f0   0x00000028   Code   RO         5120    i._Znwj             cpprt_w.l(new.o)
    0x08005318   0x00000030   Code   RO         5751    i.__ARM_fpclassify  m_wm.l(fpclassify.o)
    0x08005348   0x00000032   Code   RO         5127    i.__aeabi_atexit    cpprt_w.l(aeabi_atexit.o)
    0x0800537a   0x00000024   Code   RO         5130    i.__aeabi_vec_ctor_nocookie_nodtor  cpprt_w.l(aeabi_vec_ctor_nocookie_nodtor.o)
    0x0800539e   0x00000042   Code   RO         5516    i.__cxa_finalize    cpprt_w.l(cxa_finalize.o)
    0x080053e0   0x00000014   Code   RO         5265    i.__hardfp_fabs     m_wm.l(fabs.o)
    0x080053f4   0x00000004   PAD
    0x080053f8   0x00000250   Code   RO         3461    i.__sti___8_main_cpp_578aa838  main.o
    0x08005648   0x00000010   Code   RO         3347    i.__user_setup_stackheap  sys.o
    0x08005658   0x0000000e   Code   RO         5371    i._is_digit         c_w.l(__printf_wp.o)
    0x08005666   0x00000002   PAD
    0x08005668   0x0000002c   Code   RO          946    i._sys_close        retarget.o
    0x08005694   0x00000028   Code   RO          949    i._sys_flen         retarget.o
    0x080056bc   0x00000028   Code   RO          950    i._sys_istty        retarget.o
    0x080056e4   0x00000134   Code   RO          951    i._sys_open         retarget.o
    0x08005818   0x00000028   Code   RO          953    i._sys_seek         retarget.o
    0x08005840   0x00000060   Code   RO          954    i._sys_write        retarget.o
    0x080058a0   0x00000018   Code   RO         4770    i.error             mbed.ar(error.o)
    0x080058b8   0x00000020   Code   RO          956    i.exit              retarget.o
    0x080058d8   0x0000001a   Code   RO         5599    i.fputc             c_w.l(fputc.o)
    0x080058f2   0x00000002   PAD
    0x080058f4   0x00000008   Code   RO         4795    i.get_us_ticker_data  mbed.ar(us_ticker_api.o)
    0x080058fc   0x00000054   Code   RO         4837    i.gpio_dir          mbed.ar(gpio_api.o)
    0x08005950   0x0000003a   Code   RO         4838    i.gpio_init         mbed.ar(gpio_api.o)
    0x0800598a   0x00000028   Code   RO         4778    i.gpio_init_in      mbed.ar(gpio.o)
    0x080059b2   0x00000002   PAD
    0x080059b4   0x0000004c   Code   RO         4781    i.gpio_init_out     mbed.ar(gpio.o)
    0x08005a00   0x0000006c   Code   RO         4782    i.gpio_init_out_ex  mbed.ar(gpio.o)
    0x08005a6c   0x00000008   Code   RO         4852    i.gpio_irq0         mbed.ar(gpio_irq_api.o)
    0x08005a74   0x00000008   Code   RO         4853    i.gpio_irq1         mbed.ar(gpio_irq_api.o)
    0x08005a7c   0x00000008   Code   RO         4854    i.gpio_irq2         mbed.ar(gpio_irq_api.o)
    0x08005a84   0x00000008   Code   RO         4855    i.gpio_irq3         mbed.ar(gpio_irq_api.o)
    0x08005a8c   0x00000008   Code   RO         4856    i.gpio_irq4         mbed.ar(gpio_irq_api.o)
    0x08005a94   0x00000008   Code   RO         4857    i.gpio_irq5         mbed.ar(gpio_irq_api.o)
    0x08005a9c   0x00000008   Code   RO         4858    i.gpio_irq6         mbed.ar(gpio_irq_api.o)
    0x08005aa4   0x0000004c   Code   RO         4861    i.gpio_irq_free     mbed.ar(gpio_irq_api.o)
    0x08005af0   0x00000144   Code   RO         4862    i.gpio_irq_init     mbed.ar(gpio_irq_api.o)
    0x08005c34   0x00000072   Code   RO         4863    i.gpio_irq_set      mbed.ar(gpio_irq_api.o)
    0x08005ca6   0x00000008   Code   RO         4839    i.gpio_mode         mbed.ar(gpio_api.o)
    0x08005cae   0x00000002   PAD
    0x08005cb0   0x00000080   Code   RO         4864    i.handle_interrupt_in  mbed.ar(gpio_irq_api.o)
    0x08005d30   0x00000598   Code   RO         3462    i.main              main.o
    0x080062c8   0x00000040   Code   RO         4765    i.mbed_assert_internal  mbed.ar(assert.o)
    0x08006308   0x00000010   Code   RO          902    i.mbed_die          board.o
    0x08006318   0x00000002   Code   RO          957    i.mbed_main         retarget.o
    0x0800631a   0x0000000e   Code   RO          932    i.mbed_sdk_init     mbed_overrides.o
    0x08006328   0x0000006c   Code   RO         4887    i.pin_function      mbed.ar(pinmap.o)
    0x08006394   0x00000058   Code   RO         4888    i.pin_mode          mbed.ar(pinmap.o)
    0x080063ec   0x00000060   Code   RO         4952    i.pinmap_function   mbed.ar(pinmap_common.o)
    0x0800644c   0x0000003c   Code   RO         4953    i.pinmap_merge      mbed.ar(pinmap_common.o)
    0x08006488   0x00000060   Code   RO         4954    i.pinmap_peripheral  mbed.ar(pinmap_common.o)
    0x080064e8   0x0000005c   Code   RO         4955    i.pinmap_pinout     mbed.ar(pinmap_common.o)
    0x08006544   0x000001f8   Code   RO         4445    i.pwmout_init       mbed.ar(pwmout_api.o)
    0x0800673c   0x0000000a   Code   RO         4447    i.pwmout_period_ms  mbed.ar(pwmout_api.o)
    0x08006746   0x00000002   PAD
    0x08006748   0x00000158   Code   RO         4448    i.pwmout_period_us  mbed.ar(pwmout_api.o)
    0x080068a0   0x00000024   Code   RO         4449    i.pwmout_pulsewidth  mbed.ar(pwmout_api.o)
    0x080068c4   0x000000c4   Code   RO         4453    i.pwmout_write      mbed.ar(pwmout_api.o)
    0x08006988   0x00000040   Code   RO         4472    i.serial_baud       mbed.ar(serial_api.o)
    0x080069c8   0x00000020   Code   RO         4478    i.serial_getc       mbed.ar(serial_api.o)
    0x080069e8   0x00000214   Code   RO         4479    i.serial_init       mbed.ar(serial_api.o)
    0x08006bfc   0x00000018   Code   RO         4480    i.serial_irq_handler  mbed.ar(serial_api.o)
    0x08006c14   0x000000f8   Code   RO         4481    i.serial_irq_set    mbed.ar(serial_api.o)
    0x08006d0c   0x00000024   Code   RO         4483    i.serial_putc       mbed.ar(serial_api.o)
    0x08006d30   0x00000018   Code   RO         4484    i.serial_readable   mbed.ar(serial_api.o)
    0x08006d48   0x00000018   Code   RO         4485    i.serial_writable   mbed.ar(serial_api.o)
    0x08006d60   0x0000004e   Code   RO         4970    i.ticker_irq_handler  mbed.ar(ticker_api.o)
    0x08006dae   0x00000006   Code   RO         4971    i.ticker_read       mbed.ar(ticker_api.o)
    0x08006db4   0x00000054   Code   RO          921    i.timer_irq_handler  hal_tick.o
    0x08006e08   0x00000006   Code   RO         4486    i.uart1_irq         mbed.ar(serial_api.o)
    0x08006e0e   0x00000006   Code   RO         4487    i.uart2_irq         mbed.ar(serial_api.o)
    0x08006e14   0x00000006   Code   RO         4488    i.uart3_irq         mbed.ar(serial_api.o)
    0x08006e1a   0x00000006   Code   RO         4489    i.uart4_irq         mbed.ar(serial_api.o)
    0x08006e20   0x00000006   Code   RO         4490    i.uart5_irq         mbed.ar(serial_api.o)
    0x08006e26   0x00000006   Code   RO         4491    i.uart6_irq         mbed.ar(serial_api.o)
    0x08006e2c   0x0000006c   Code   RO         4492    i.uart_irq          mbed.ar(serial_api.o)
    0x08006e98   0x00000010   Code   RO         4900    i.us_ticker_clear_interrupt  mbed.ar(us_ticker.o)
    0x08006ea8   0x00000014   Code   RO         4901    i.us_ticker_disable_interrupt  mbed.ar(us_ticker.o)
    0x08006ebc   0x00000028   Code   RO         4902    i.us_ticker_init    mbed.ar(us_ticker.o)
    0x08006ee4   0x0000000c   Code   RO         4796    i.us_ticker_irq_handler  mbed.ar(us_ticker_api.o)
    0x08006ef0   0x00000030   Code   RO         4903    i.us_ticker_read    mbed.ar(us_ticker.o)
    0x08006f20   0x00000014   Code   RO         4904    i.us_ticker_set_interrupt  mbed.ar(us_ticker.o)
    0x08006f34   0x0000001c   Code   RO         4809    i.wait_ms           mbed.ar(wait_api.o)
    0x08006f50   0x0000002c   Code   RO         5713    locale$$code        c_w.l(lc_numeric_c.o)
    0x08006f7c   0x0000002c   Code   RO         5774    locale$$code        c_w.l(lc_ctype_c.o)
    0x08006fa8   0x00000008   Code   RO         3702    t._ZN3ros10SubscriberIN13geometry_msgs5TwistEE10getMsgTypeEv  main.o
    0x08006fb0   0x00000004   Code   RO         3720    t._ZN3ros10SubscriberIN13geometry_msgs5TwistEE15getEndpointTypeEv  main.o
    0x08006fb4   0x00000026   Code   RO         3690    t._ZN3ros10SubscriberIN13geometry_msgs5TwistEE8callbackEPh  main.o
    0x08006fda   0x00000002   PAD
    0x08006fdc   0x00000008   Code   RO         3714    t._ZN3ros10SubscriberIN13geometry_msgs5TwistEE9getMsgMD5Ev  main.o
    0x08006fe4   0x000000fc   Code   RO         3677    t._ZN3ros11NodeHandle_I12MbedHardwareLi25ELi25ELi512ELi512EE7publishEiPKNS_3MsgE  main.o
    0x080070e0   0x000004e8   Code   RO         3595    t._ZN3ros11NodeHandle_I12MbedHardwareLi25ELi25ELi512ELi512EE8spinOnceEv  main.o
    0x080075c8   0x00000014   Code   RO          445    t._ZN4mbed19FunctionPointerArg1IvvE12membercallerI14BufferedSerialEEvPvPj  bufferedserial.o
    0x080075dc   0x00000020   Code   RO          251    t._ZN8MyBufferIcEC1Ej  mybuffer.o
    0x080075fc   0x0000000e   Code   RO          263    t._ZN8MyBufferIcED1Ev  mybuffer.o
    0x0800760a   0x00000018   Code   RO         5233    x$fpl$basic         fz_wm.l(basic.o)
    0x08007622   0x00000002   PAD
    0x08007624   0x00000062   Code   RO         5235    x$fpl$d2f           fz_wm.l(d2f.o)
    0x08007686   0x00000002   PAD
    0x08007688   0x00000150   Code   RO         5237    x$fpl$dadd          fz_wm.l(daddsub_clz.o)
    0x080077d8   0x00000018   Code   RO         5529    x$fpl$dcmpinf       fz_wm.l(dcmpi.o)
    0x080077f0   0x000002b0   Code   RO         5244    x$fpl$ddiv          fz_wm.l(ddiv.o)
    0x08007aa0   0x00000078   Code   RO         5247    x$fpl$deqf          fz_wm.l(deqf.o)
    0x08007b18   0x0000005e   Code   RO         5249    x$fpl$dfix          fz_wm.l(dfix.o)
    0x08007b76   0x0000002e   Code   RO         5254    x$fpl$dflt          fz_wm.l(dflt_clz.o)
    0x08007ba4   0x00000026   Code   RO         5253    x$fpl$dfltu         fz_wm.l(dflt_clz.o)
    0x08007bca   0x00000002   PAD
    0x08007bcc   0x00000078   Code   RO         5531    x$fpl$dleqf         fz_wm.l(dleqf.o)
    0x08007c44   0x00000154   Code   RO         5259    x$fpl$dmul          fz_wm.l(dmul.o)
    0x08007d98   0x0000009c   Code   RO         5533    x$fpl$dnaninf       fz_wm.l(dnaninf.o)
    0x08007e34   0x0000000c   Code   RO         5535    x$fpl$dretinf       fz_wm.l(dretinf.o)
    0x08007e40   0x0000006c   Code   RO         5261    x$fpl$drleqf        fz_wm.l(drleqf.o)
    0x08007eac   0x000001d4   Code   RO         5239    x$fpl$dsub          fz_wm.l(daddsub_clz.o)
    0x08008080   0x00000056   Code   RO         5263    x$fpl$f2d           fz_wm.l(f2d.o)
    0x080080d6   0x0000008c   Code   RO         5537    x$fpl$fnaninf       fz_wm.l(fnaninf.o)
    0x08008162   0x0000000a   Code   RO         5665    x$fpl$fpinit        fz_wm.l(fpinit.o)
    0x0800816c   0x0000000a   Code   RO         5539    x$fpl$fretinf       fz_wm.l(fretinf.o)
    0x08008176   0x00000004   Code   RO         5541    x$fpl$printf1       fz_wm.l(printf1.o)
    0x0800817a   0x00000004   Code   RO         5543    x$fpl$printf2       fz_wm.l(printf2.o)
    0x0800817e   0x00000000   Code   RO         5549    x$fpl$usenofp       fz_wm.l(usenofp.o)
    0x0800817e   0x00000002   PAD
    0x08008180   0x00000010   Data   RO          381    .constdata          bufferedserial.o
    0x08008190   0x00000017   Data   RO          999    .constdata          retarget.o
    0x080081a7   0x00000010   Data   RO         2278    .constdata          stm32f4xx_hal_rcc.o
    0x080081b7   0x00000010   Data   RO         3358    .constdata          system_stm32f4xx.o
    0x080081c7   0x0000001c   Data   RO         3481    .constdata          main.o
    0x080081e3   0x00000001   PAD
    0x080081e4   0x00000014   Data   RO         4797    .constdata          mbed.ar(us_ticker_api.o)
    0x080081f8   0x00000008   Data   RO         4798    .constdata          mbed.ar(us_ticker_api.o)
    0x08008200   0x00000168   Data   RO         4824    .constdata          mbed.ar(PeripheralPins.o)
    0x08008368   0x00000048   Data   RO         4825    .constdata          mbed.ar(PeripheralPins.o)
    0x080083b0   0x00000048   Data   RO         4826    .constdata          mbed.ar(PeripheralPins.o)
    0x080083f8   0x00000034   Data   RO         4889    .constdata          mbed.ar(pinmap.o)
    0x0800842c   0x00000008   Data   RO         5330    .constdata          c_w.l(_printf_wctomb.o)
    0x08008434   0x00000028   Data   RO         5359    .constdata          c_w.l(_printf_hex_int_ll_ptr.o)
    0x0800845c   0x00000011   Data   RO         5379    .constdata          c_w.l(__printf_flags_ss_wp.o)
    0x0800846d   0x00000026   Data   RO         5587    .constdata          c_w.l(_printf_fp_hex.o)
    0x08008493   0x00000001   PAD
    0x08008494   0x00000094   Data   RO         5686    .constdata          c_w.l(bigflt0.o)
    0x08008528   0x0000002c   Data   RO          444    .constdata__ZTV14BufferedSerial  bufferedserial.o
    0x08008554   0x00000018   Data   RO         3628    .constdata__ZTVN13geometry_msgs14Vector3StampedE  main.o
    0x0800856c   0x00000018   Data   RO         3630    .constdata__ZTVN13geometry_msgs5TwistE  main.o
    0x08008584   0x00000018   Data   RO         3626    .constdata__ZTVN13geometry_msgs7Vector3E  main.o
    0x0800859c   0x00000018   Data   RO         3622    .constdata__ZTVN14rosserial_msgs20RequestParamResponseE  main.o
    0x080085b4   0x00000018   Data   RO         3853    .constdata__ZTVN14rosserial_msgs3LogE  main.o
    0x080085cc   0x00000018   Data   RO         3620    .constdata__ZTVN14rosserial_msgs9TopicInfoE  main.o
    0x080085e4   0x00000018   Data   RO         3634    .constdata__ZTVN3ros10SubscriberIN13geometry_msgs5TwistEEE  main.o
    0x080085fc   0x00000014   Data   RO         3632    .constdata__ZTVN3ros11NodeHandle_I12MbedHardwareLi25ELi25ELi512ELi512EEE  main.o
    0x08008610   0x00000010   Data   RO         4722    .constdata__ZTVN4mbed10SerialBaseE  mbed.ar(SerialBase.o)
    0x08008620   0x00000010   Data   RO         4650    .constdata__ZTVN4mbed11InterruptInE  mbed.ar(InterruptIn.o)
    0x08008630   0x00000010   Data   RO         4675    .constdata__ZTVN4mbed9RawSerialE  mbed.ar(RawSerial.o)
    0x08008640   0x00000018   Data   RO         3618    .constdata__ZTVN8std_msgs4TimeE  main.o
    0x08008658   0x00000018   Data   RO         3624    .constdata__ZTVN8std_msgs6HeaderE  main.o
    0x08008670   0x00000068   Data   RO         4455    .conststring        mbed.ar(pwmout_api.o)
    0x080086d8   0x00000068   Data   RO         4494    .conststring        mbed.ar(serial_api.o)
    0x08008740   0x00000069   Data   RO         4634    .conststring        mbed.ar(InterruptIn.o)
    0x080087a9   0x00000003   PAD
    0x080087ac   0x00000066   Data   RO         4841    .conststring        mbed.ar(gpio_api.o)
    0x08008812   0x00000002   PAD
    0x08008814   0x00000064   Data   RO         4890    .conststring        mbed.ar(pinmap.o)
    0x08008878   0x00000020   Data   RO         5805    Region$$Table       anon$$obj.o
    0x08008898   0x0000001c   Data   RO         5712    locale$$data        c_w.l(lc_numeric_c.o)
    0x080088b4   0x00000110   Data   RO         5773    locale$$data        c_w.l(lc_ctype_c.o)
    0x080089c4   0x00000004   Data   RO         3484    .init_array         main.o
    0x080089c8   0x00000000   Data   RO         5105    .init_array         c_w.l(init_aeabi.o)


    Execution Region RW_IRAM1 (Base: 0x10000000, Size: 0x00000000, Max: 0x00010000, ABSOLUTE)

    **** No section assigned to this execution region ****


    Execution Region RW_IRAM2 (Base: 0x20000188, Size: 0x00001148, Max: 0x0001fe78, ABSOLUTE, COMPRESSED[0x000001b0])

    Base Addr    Size         Type   Attr      Idx    E Section Name        Object

    0x20000188   0x00000004   Data   RW          923    .data               hal_tick.o
    0x2000018c   0x00000004   Data   RW         1084    .data               stm32f4xx_hal.o
    0x20000190   0x00000004   Data   RW         3359    .data               system_stm32f4xx.o
    0x20000194   0x00000004   PAD
    0x20000198   0x00000070   Data   RW         3482    .data               main.o
    0x20000208   0x00000008   Data   RW         4495    .data               mbed.ar(serial_api.o)
    0x20000210   0x00000008   Data   RW         4799    .data               mbed.ar(us_ticker_api.o)
    0x20000218   0x00000044   Data   RW         4866    .data               mbed.ar(gpio_irq_api.o)
    0x2000025c   0x00000004   Data   RW         4906    .data               mbed.ar(us_ticker.o)
    0x20000260   0x00000004   Data   RW         4932    .data               mbed.ar(FileBase.o)
    0x20000264   0x00000004   Data   RW         5076    .data               c_w.l(stdio_streams.o)
    0x20000268   0x00000004   Data   RW         5077    .data               c_w.l(stdio_streams.o)
    0x2000026c   0x00000004   Data   RW         5078    .data               c_w.l(stdio_streams.o)
    0x20000270   0x00000004   Data   RW         5641    .data               c_w.l(heapauxa.o)
    0x20000274   0x00000021   Data   RW         3591    .data__ZZN13geometry_msgs14Vector3Stamped6getMD5EvEs  main.o
    0x20000295   0x0000001d   Data   RW         3590    .data__ZZN13geometry_msgs14Vector3Stamped7getTypeEvEs  main.o
    0x200002b2   0x00000021   Data   RW         3593    .data__ZZN13geometry_msgs5Twist6getMD5EvEs  main.o
    0x200002d3   0x00000014   Data   RW         3592    .data__ZZN13geometry_msgs5Twist7getTypeEvEs  main.o
    0x200002e7   0x00000021   Data   RW         3589    .data__ZZN13geometry_msgs7Vector36getMD5EvEs  main.o
    0x20000308   0x00000016   Data   RW         3588    .data__ZZN13geometry_msgs7Vector37getTypeEvEs  main.o
    0x2000031e   0x00000021   Data   RW         3584    .data__ZZN14rosserial_msgs20RequestParamResponse6getMD5EvEs  main.o
    0x2000033f   0x00000021   Data   RW         3583    .data__ZZN14rosserial_msgs3Log6getMD5EvEs  main.o
    0x20000360   0x00000013   Data   RW         3582    .data__ZZN14rosserial_msgs3Log7getTypeEvEs  main.o
    0x20000373   0x00000021   Data   RW         3580    .data__ZZN14rosserial_msgs9TopicInfo6getMD5EvEs  main.o
    0x20000394   0x00000019   Data   RW         3579    .data__ZZN14rosserial_msgs9TopicInfo7getTypeEvEs  main.o
    0x200003ad   0x00000001   Data   RW         3578    .data__ZZN14rosserial_msgs9TopicInfoC1EvEs  main.o
    0x200003ae   0x00000039   Data   RW         3594    .data__ZZN3ros11NodeHandle_I12MbedHardwareLi25ELi25ELi512ELi512EE7publishEiPKNS_3MsgEEs  main.o
    0x200003e7   0x00000021   Data   RW         3577    .data__ZZN8std_msgs4Time6getMD5EvEs  main.o
    0x20000408   0x0000000e   Data   RW         3576    .data__ZZN8std_msgs4Time7getTypeEvEs  main.o
    0x20000416   0x00000021   Data   RW         3587    .data__ZZN8std_msgs6Header6getMD5EvEs  main.o
    0x20000437   0x00000010   Data   RW         3586    .data__ZZN8std_msgs6Header7getTypeEvEs  main.o
    0x20000447   0x00000001   Data   RW         3585    .data__ZZN8std_msgs6HeaderC1EvEs  main.o
    0x20000448   0x0000003c   Zero   RW          922    .bss                hal_tick.o
    0x20000484   0x00000040   Zero   RW          998    .bss                retarget.o
    0x200004c4   0x00000004   PAD
    0x200004c8   0x0000081c   Zero   RW         3480    .bss                main.o
    0x20000ce4   0x0000003c   Zero   RW         4454    .bss                mbed.ar(pwmout_api.o)
    0x20000d20   0x0000023c   Zero   RW         4493    .bss                mbed.ar(serial_api.o)
    0x20000f5c   0x00000214   Zero   RW         4865    .bss                mbed.ar(gpio_irq_api.o)
    0x20001170   0x0000003c   Zero   RW         4905    .bss                mbed.ar(us_ticker.o)
    0x200011ac   0x00000054   Zero   RW         5073    .bss                c_w.l(stdio_streams.o)
    0x20001200   0x00000054   Zero   RW         5074    .bss                c_w.l(stdio_streams.o)
    0x20001254   0x00000054   Zero   RW         5075    .bss                c_w.l(stdio_streams.o)
    0x200012a8   0x00000004   Zero   RW         5275    .bss                c_w.l(rt_heap_descriptor.o)
    0x200012ac   0x00000004   Zero   RW         5280    .bss                c_w.l(rt_new_handler_addr.o)
    0x200012b0   0x00000004   Zero   RW         5285    .bss                c_w.l(rt_ddtor_pointer_addr.o)
    0x200012b4   0x00000014   Zero   RW         5672    .bss                c_w.l(rt_locale.o)
    0x200012c8   0x00000004   Zero   RW         5677    .bss                c_w.l(rt_errno_addr.o)
    0x200012cc   0x00000004   Zero   RW         5759    .bss                c_w.l(rt_eh_globals_addr.o)


==============================================================================

Image component sizes


      Code (inc. data)   RO Data    RW Data    ZI Data      Debug   Object Name

        16          0          0          0          0        120   board.o
       586         26         60          0          0     271208   bufferedserial.o
        52          4          0          0          0        132   cmsis_nvic.o
       276         48          0          4         60        256   hal_tick.o
      5942        684        268        580       2076     331232   main.o
        14          0          0          0          0        128   mbed_overrides.o
        46          0          0          0          0       6368   mybuffer.o
       620         70         23          0         64       1120   retarget.o
        36          8        392          0          0        276   startup_STM32F40x.o
        72         16          0          4          0        356   stm32f4xx_hal.o
        36          6          0          0          0        116   stm32f4xx_hal_cortex.o
       580         20          0          0          0        140   stm32f4xx_hal_gpio.o
         2          0          0          0          0        116   stm32f4xx_hal_msp_template.o
      1832        104         16          0          0        768   stm32f4xx_hal_rcc.o
       996         30          0          0          0        988   stm32f4xx_hal_tim.o
        44          0          0          0          0        116   stm32f4xx_hal_tim_ex.o
       632         14          0          0          0        376   stm32f4xx_hal_uart.o
        16          6          0          0          0        116   sys.o
       652         78         16          4          0        416   system_stm32f4xx.o
        32          6          0          0          0       1187   time.o

    ----------------------------------------------------------------------
     12496       1128        808        596       2204     615535   Object Totals
         0          0         32          0          0          0   (incl. Generated)
        14          8          1          4          4          0   (incl. Padding)

    ----------------------------------------------------------------------

      Code (inc. data)   RO Data    RW Data    ZI Data      Debug   Library Member Name

        60          8          0          0          0         84   __0sscanf.o
        90          0          0          0          0          0   __dczerorl2.o
         8          0          0          0          0         68   __main.o
       392          4         17          0          0         92   __printf_flags_ss_wp.o
        14          0          0          0          0         68   __printf_wp.o
        52          8          0          0          0          0   __scatter.o
        28          0          0          0          0          0   __scatter_zi.o
        28          0          0          0          0         68   _chval.o
         6          0          0          0          0          0   _printf_a.o
         6          0          0          0          0          0   _printf_c.o
        44          0          0          0          0        108   _printf_char.o
        48          6          0          0          0         96   _printf_char_common.o
        36          4          0          0          0         80   _printf_char_file.o
        40          0          0          0          0         68   _printf_charcount.o
         6          0          0          0          0          0   _printf_d.o
       116         16          0          0          0         92   _printf_dec.o
         6          0          0          0          0          0   _printf_e.o
         6          0          0          0          0          0   _printf_f.o
      1046          0          0          0          0        216   _printf_fp_dec.o
       760         10         38          0          0        100   _printf_fp_hex.o
       128         16          0          0          0         84   _printf_fp_infnan.o
         6          0          0          0          0          0   _printf_g.o
       148          4         40          0          0        160   _printf_hex_int_ll_ptr.o
         6          0          0          0          0          0   _printf_i.o
       178          0          0          0          0         88   _printf_intcommon.o
        10          0          0          0          0          0   _printf_l.o
         6          0          0          0          0          0   _printf_lc.o
        10          0          0          0          0          0   _printf_ll.o
         6          0          0          0          0          0   _printf_lld.o
         6          0          0          0          0          0   _printf_lli.o
         6          0          0          0          0          0   _printf_llo.o
         6          0          0          0          0          0   _printf_llu.o
         6          0          0          0          0          0   _printf_llx.o
       120         16          0          0          0         92   _printf_longlong_dec.o
         6          0          0          0          0          0   _printf_ls.o
         6          0          0          0          0          0   _printf_n.o
         6          0          0          0          0          0   _printf_o.o
       112          8          0          0          0        124   _printf_oct_int_ll.o
         6          0          0          0          0          0   _printf_p.o
        78          0          0          0          0        108   _printf_pad.o
         0          0          0          0          0          0   _printf_percent.o
         4          0          0          0          0          0   _printf_percent_end.o
         6          0          0          0          0          0   _printf_s.o
        82          0          0          0          0         80   _printf_str.o
        36          0          0          0          0         84   _printf_truncate.o
         6          0          0          0          0          0   _printf_u.o
        44          0          0          0          0        108   _printf_wchar.o
       188          6          8          0          0         92   _printf_wctomb.o
         6          0          0          0          0          0   _printf_x.o
       876          4          0          0          0        100   _scanf.o
       332          0          0          0          0         96   _scanf_int.o
        64          0          0          0          0         84   _sgetc.o
        64          0          0          0          0         92   _wcrtomb.o
        16          0          0          0          0         72   abort.o
       216          4        148          0          0         96   bigflt0.o
      1910        128          0          0          0        672   btod.o
        48         34          0          0          0         76   defsig_abrt_inner.o
        14          0          0          0          0         80   defsig_abrt_outer.o
        10          0          0          0          0         68   defsig_exit.o
        50          0          0          0          0         88   defsig_general.o
        80         58          0          0          0         76   defsig_rtmem_inner.o
        14          0          0          0          0         80   defsig_rtmem_outer.o
        52         38          0          0          0         76   defsig_rtred_inner.o
        14          0          0          0          0         80   defsig_rtred_outer.o
        76          0          0          0          0         88   fclose.o
         8          0          0          0          0         68   ferror.o
       100          4          0          0          0        120   fflush.o
       470          0          0          0          0         88   flsbuf.o
       236          4          0          0          0        128   fopen.o
        26          0          0          0          0         68   fputc.o
       248          6          0          0          0         84   fseek.o
        66          0          0          0          0         76   ftell.o
        94          0          0          0          0         80   h1_alloc.o
        52          0          0          0          0         68   h1_extend.o
        78          0          0          0          0         80   h1_free.o
        14          0          0          0          0         84   h1_init.o
       184          0          0          0          0         92   h1_realloc.o
        80          6          0          4          0         96   heapauxa.o
         4          0          0          0          0        136   hguard.o
         0          0          0          0          0          0   indicate_semi.o
        36         10          0          0          0         80   init_aeabi.o
       138          0          0          0          0        168   init_alloc.o
       312         46          0          0          0        112   initio.o
        18          0          0          0          0         76   isspace.o
        44         10        272          0          0         76   lc_ctype_c.o
        44         10         28          0          0         76   lc_numeric_c.o
         2          0          0          0          0          0   libinit.o
        50          0          0          0          0          0   libinit2.o
         6          0          0          0          0          0   libshutdown2.o
       138          0          0          0          0         80   lludiv10.o
         0          0          0          0          0          0   maybetermalloc1.o
        16          4          0          0          0         76   rt_ctype_table.o
         8          4          0          0          4         68   rt_ddtor_pointer_addr.o
         8          4          0          0          4         68   rt_eh_globals_addr.o
         8          4          0          0          4         68   rt_errno_addr.o
         8          4          0          0          4         68   rt_heap_descriptor.o
         8          4          0          0         20         68   rt_locale.o
        68          0          0          0          0         68   rt_memclr.o
        78          0          0          0          0         80   rt_memclr_w.o
       138          0          0          0          0         68   rt_memcpy_v6.o
       100          0          0          0          0         80   rt_memcpy_w.o
         8          4          0          0          4         68   rt_new_handler_addr.o
         0          0          0          0          0          0   rtentry.o
        12          0          0          0          0          0   rtentry2.o
         6          0          0          0          0          0   rtentry4.o
        44          8          0          0          0         84   scanf_char.o
        70          0          0          0          0         80   setvbuf.o
       240          6          0          0          0        156   stdio.o
         0          0          0         12        252          0   stdio_streams.o
       128          0          0          0          0         68   strcmpv7m.o
        62          0          0          0          0         76   strlen.o
       150          0          0          0          0         80   strncmp.o
        12          4          0          0          0         68   sys_exit.o
        14          0          0          0          0         76   sys_wrch.o
         2          0          0          0          0         68   use_no_semi.o
        10          0          0          0          0         68   vfprintf.o
        50          0          0          0          0         84   aeabi_atexit.o
        36          0          0          0          0         84   aeabi_vec_ctor_nocookie_nodtor.o
        80         12          0          0          0        104   arm_exceptions_globs.o
        60          0          0          0          0        108   arm_exceptions_mem.o
        26          0          0          0          0         76   arm_exceptions_terminate.o
         4          0          0          0          0         68   arm_newhandler_noexceptions.o
         8          0          0          0          0         76   array_del.o
         8          0          0          0          0         76   array_new.o
        66          0          0          0          0         84   cxa_finalize.o
         8          0          0          0          0         76   delete.o
        40          6          0          0          0         76   new.o
        24          0          0          0          0        164   basic.o
        98          4          0          0          0        140   d2f.o
       804         16          0          0          0        368   daddsub_clz.o
        24          0          0          0          0        116   dcmpi.o
       688        140          0          0          0        256   ddiv.o
       120          4          0          0          0        140   deqf.o
        94          4          0          0          0        140   dfix.o
        84          0          0          0          0        232   dflt_clz.o
       120          4          0          0          0        140   dleqf.o
       340         12          0          0          0        152   dmul.o
       156          4          0          0          0        140   dnaninf.o
        12          0          0          0          0        116   dretinf.o
       108          0          0          0          0        128   drleqf.o
        86          4          0          0          0        132   f2d.o
       140          4          0          0          0        132   fnaninf.o
        10          0          0          0          0        116   fpinit.o
        10          0          0          0          0        116   fretinf.o
         4          0          0          0          0        116   printf1.o
         4          0          0          0          0        116   printf2.o
         0          0          0          0          0          0   usenofp.o
        20          0          0          0          0        124   fabs.o
        48          0          0          0          0        124   fpclassify.o
        60          6          0          4          0        244   FileBase.o
       154          0          0          0          0        728   FilePath.o
       348         52        121          0          0        964   InterruptIn.o
         0          0        504          0          0          0   PeripheralPins.o
        16          4         16          0          0        124   RawSerial.o
       204         14         16          0          0        604   SerialBase.o
        88          0          0          0          0        376   Timer.o
        64         52          0          0          0        116   assert.o
        24          4          0          0          0        128   error.o
       224         36          0          0          0        412   gpio.o
       150         30        102          0          0        388   gpio_api.o
       698        120          0         68        532       1348   gpio_irq_api.o
       472        138        152          0          0        392   pinmap.o
       344        110          0          0          0        508   pinmap_common.o
      1090        148        104          0         60        684   pwmout_api.o
      1128        194        104          8        572       1804   serial_api.o
        84          0          0          0          0        252   ticker_api.o
       144         46          0          4         60        588   us_ticker.o
        20         10         28          8          0        232   us_ticker_api.o
        28          0          0          0          0        128   wait_api.o

    ----------------------------------------------------------------------
     20264       1692       1704        108       1516      21764   Library Totals
        42          0          6          0          0          0   (incl. Padding)

    ----------------------------------------------------------------------

      Code (inc. data)   RO Data    RW Data    ZI Data      Debug   Library Name

     11502        514        551         16        292       7624   c_w.l
       386         18          0          0          0        912   cpprt_w.l
      2926        196          0          0          0       2960   fz_wm.l
        68          0          0          0          0        248   m_wm.l
      5340        964       1147         92       1224      10020   mbed.ar

    ----------------------------------------------------------------------
     20264       1692       1704        108       1516      21764   Library Totals

    ----------------------------------------------------------------------

==============================================================================


      Code (inc. data)   RO Data    RW Data    ZI Data      Debug   

     32760       2820       2512        704       3720     612859   Grand Totals
     32760       2820       2512        432       3720     612859   ELF Image Totals (compressed)
     32760       2820       2512        432          0          0   ROM Totals

==============================================================================

    Total RO  Size (Code + RO Data)                35272 (  34.45kB)
    Total RW  Size (RW Data + ZI Data)              4424 (   4.32kB)
    Total ROM Size (Code + RO Data + RW Data)      35704 (  34.87kB)

==============================================================================

